Archive member included to satisfy reference by file (symbol)

c:/st/stm32cubeide_1.8.0/stm32cubeide/plugins/com.st.stm32cube.ide.mcu.externaltools.gnu-tools-for-stm32.9-2020-q2-update.win32_2.0.0.202105311346/tools/bin/../lib/gcc/arm-none-eabi/9.3.1/../../../../arm-none-eabi/lib/thumb/v7e-m+dp/hard\libc_nano.a(lib_a-errno.o)
                              ./Core/Src/syscalls.o (__errno)
c:/st/stm32cubeide_1.8.0/stm32cubeide/plugins/com.st.stm32cube.ide.mcu.externaltools.gnu-tools-for-stm32.9-2020-q2-update.win32_2.0.0.202105311346/tools/bin/../lib/gcc/arm-none-eabi/9.3.1/../../../../arm-none-eabi/lib/thumb/v7e-m+dp/hard\libc_nano.a(lib_a-exit.o)
                              c:/st/stm32cubeide_1.8.0/stm32cubeide/plugins/com.st.stm32cube.ide.mcu.externaltools.gnu-tools-for-stm32.9-2020-q2-update.win32_2.0.0.202105311346/tools/bin/../lib/gcc/arm-none-eabi/9.3.1/../../../../arm-none-eabi/lib/thumb/v7e-m+dp/hard/crt0.o (exit)
c:/st/stm32cubeide_1.8.0/stm32cubeide/plugins/com.st.stm32cube.ide.mcu.externaltools.gnu-tools-for-stm32.9-2020-q2-update.win32_2.0.0.202105311346/tools/bin/../lib/gcc/arm-none-eabi/9.3.1/../../../../arm-none-eabi/lib/thumb/v7e-m+dp/hard\libc_nano.a(lib_a-impure.o)
                              c:/st/stm32cubeide_1.8.0/stm32cubeide/plugins/com.st.stm32cube.ide.mcu.externaltools.gnu-tools-for-stm32.9-2020-q2-update.win32_2.0.0.202105311346/tools/bin/../lib/gcc/arm-none-eabi/9.3.1/../../../../arm-none-eabi/lib/thumb/v7e-m+dp/hard\libc_nano.a(lib_a-exit.o) (_global_impure_ptr)
c:/st/stm32cubeide_1.8.0/stm32cubeide/plugins/com.st.stm32cube.ide.mcu.externaltools.gnu-tools-for-stm32.9-2020-q2-update.win32_2.0.0.202105311346/tools/bin/../lib/gcc/arm-none-eabi/9.3.1/../../../../arm-none-eabi/lib/thumb/v7e-m+dp/hard\libc_nano.a(lib_a-init.o)
                              c:/st/stm32cubeide_1.8.0/stm32cubeide/plugins/com.st.stm32cube.ide.mcu.externaltools.gnu-tools-for-stm32.9-2020-q2-update.win32_2.0.0.202105311346/tools/bin/../lib/gcc/arm-none-eabi/9.3.1/../../../../arm-none-eabi/lib/thumb/v7e-m+dp/hard/crt0.o (__libc_init_array)
c:/st/stm32cubeide_1.8.0/stm32cubeide/plugins/com.st.stm32cube.ide.mcu.externaltools.gnu-tools-for-stm32.9-2020-q2-update.win32_2.0.0.202105311346/tools/bin/../lib/gcc/arm-none-eabi/9.3.1/../../../../arm-none-eabi/lib/thumb/v7e-m+dp/hard\libc_nano.a(lib_a-memcpy-stub.o)
                              ./nrf24l01p/nrf24l01p_driver.o (memcpy)
c:/st/stm32cubeide_1.8.0/stm32cubeide/plugins/com.st.stm32cube.ide.mcu.externaltools.gnu-tools-for-stm32.9-2020-q2-update.win32_2.0.0.202105311346/tools/bin/../lib/gcc/arm-none-eabi/9.3.1/../../../../arm-none-eabi/lib/thumb/v7e-m+dp/hard\libc_nano.a(lib_a-memset.o)
                              c:/st/stm32cubeide_1.8.0/stm32cubeide/plugins/com.st.stm32cube.ide.mcu.externaltools.gnu-tools-for-stm32.9-2020-q2-update.win32_2.0.0.202105311346/tools/bin/../lib/gcc/arm-none-eabi/9.3.1/../../../../arm-none-eabi/lib/thumb/v7e-m+dp/hard/crt0.o (memset)
c:/st/stm32cubeide_1.8.0/stm32cubeide/plugins/com.st.stm32cube.ide.mcu.externaltools.gnu-tools-for-stm32.9-2020-q2-update.win32_2.0.0.202105311346/tools/bin/../lib/gcc/arm-none-eabi/9.3.1/../../../../arm-none-eabi/lib/thumb/v7e-m+dp/hard\libc_nano.a(lib_a-printf.o)
                              ./Core/Src/main.o (printf)
c:/st/stm32cubeide_1.8.0/stm32cubeide/plugins/com.st.stm32cube.ide.mcu.externaltools.gnu-tools-for-stm32.9-2020-q2-update.win32_2.0.0.202105311346/tools/bin/../lib/gcc/arm-none-eabi/9.3.1/../../../../arm-none-eabi/lib/thumb/v7e-m+dp/hard\libc_nano.a(lib_a-puts.o)
                              ./Core/Src/main.o (puts)
c:/st/stm32cubeide_1.8.0/stm32cubeide/plugins/com.st.stm32cube.ide.mcu.externaltools.gnu-tools-for-stm32.9-2020-q2-update.win32_2.0.0.202105311346/tools/bin/../lib/gcc/arm-none-eabi/9.3.1/../../../../arm-none-eabi/lib/thumb/v7e-m+dp/hard\libc_nano.a(lib_a-sprintf.o)
                              ./Core/Src/main.o (sprintf)
c:/st/stm32cubeide_1.8.0/stm32cubeide/plugins/com.st.stm32cube.ide.mcu.externaltools.gnu-tools-for-stm32.9-2020-q2-update.win32_2.0.0.202105311346/tools/bin/../lib/gcc/arm-none-eabi/9.3.1/../../../../arm-none-eabi/lib/thumb/v7e-m+dp/hard\libc_nano.a(lib_a-strlen.o)
                              ./nrf24l01p/nrf24l01p_func.o (strlen)
c:/st/stm32cubeide_1.8.0/stm32cubeide/plugins/com.st.stm32cube.ide.mcu.externaltools.gnu-tools-for-stm32.9-2020-q2-update.win32_2.0.0.202105311346/tools/bin/../lib/gcc/arm-none-eabi/9.3.1/../../../../arm-none-eabi/lib/thumb/v7e-m+dp/hard\libc_nano.a(lib_a-wbuf.o)
                              c:/st/stm32cubeide_1.8.0/stm32cubeide/plugins/com.st.stm32cube.ide.mcu.externaltools.gnu-tools-for-stm32.9-2020-q2-update.win32_2.0.0.202105311346/tools/bin/../lib/gcc/arm-none-eabi/9.3.1/../../../../arm-none-eabi/lib/thumb/v7e-m+dp/hard\libc_nano.a(lib_a-puts.o) (__swbuf_r)
[...]
Memory Configuration

Name             Origin             Length             Attributes
RAM              0x0000000020000000 0x0000000000080000 xrw
FLASH            0x0000000008000000 0x0000000000200000 xr
*default*        0x0000000000000000 0xffffffffffffffff

Linker script and memory map

LOAD c:/st/stm32cubeide_1.8.0/stm32cubeide/plugins/com.st.stm32cube.ide.mcu.externaltools.gnu-tools-for-stm32.9-2020-q2-update.win32_2.0.0.202105311346/tools/bin/../lib/gcc/arm-none-eabi/9.3.1/thumb/v7e-m+dp/hard/crti.o
LOAD c:/st/stm32cubeide_1.8.0/stm32cubeide/plugins/com.st.stm32cube.ide.mcu.externaltools.gnu-tools-for-stm32.9-2020-q2-update.win32_2.0.0.202105311346/tools/bin/../lib/gcc/arm-none-eabi/9.3.1/thumb/v7e-m+dp/hard/crtbegin.o
LOAD c:/st/stm32cubeide_1.8.0/stm32cubeide/plugins/com.st.stm32cube.ide.mcu.externaltools.gnu-tools-for-stm32.9-2020-q2-update.win32_2.0.0.202105311346/tools/bin/../lib/gcc/arm-none-eabi/9.3.1/../../../../arm-none-eabi/lib/thumb/v7e-m+dp/hard/crt0.o
LOAD ./Core/Src/adc.o
LOAD ./Core/Src/dac.o
LOAD ./Core/Src/dma.o
LOAD ./Core/Src/eth.o
LOAD ./Core/Src/gpio.o
LOAD ./Core/Src/i2c.o
LOAD ./Core/Src/main.o
LOAD ./Core/Src/spi.o
LOAD ./Core/Src/stm32f7xx_hal_msp.o
LOAD ./Core/Src/stm32f7xx_it.o
LOAD ./Core/Src/syscalls.o
LOAD ./Core/Src/sysmem.o
LOAD ./Core/Src/system_stm32f7xx.o
LOAD ./Core/Src/tim.o
LOAD ./Core/Src/usart.o
LOAD ./Core/Src/usb_otg.o
LOAD ./Core/Startup/startup_stm32f767zitx.o
LOAD ./Drivers/STM32F7xx_HAL_Driver/Src/stm32f7xx_hal.o
LOAD ./Drivers/STM32F7xx_HAL_Driver/Src/stm32f7xx_hal_adc.o
LOAD ./Drivers/STM32F7xx_HAL_Driver/Src/stm32f7xx_hal_adc_ex.o
LOAD ./Drivers/STM32F7xx_HAL_Driver/Src/stm32f7xx_hal_cortex.o
LOAD ./Drivers/STM32F7xx_HAL_Driver/Src/stm32f7xx_hal_dac.o
LOAD ./Drivers/STM32F7xx_HAL_Driver/Src/stm32f7xx_hal_dac_ex.o
LOAD ./Drivers/STM32F7xx_HAL_Driver/Src/stm32f7xx_hal_dma.o
LOAD ./Drivers/STM32F7xx_HAL_Driver/Src/stm32f7xx_hal_dma_ex.o
LOAD ./Drivers/STM32F7xx_HAL_Driver/Src/stm32f7xx_hal_eth.o
LOAD ./Drivers/STM32F7xx_HAL_Driver/Src/stm32f7xx_hal_exti.o
LOAD ./Drivers/STM32F7xx_HAL_Driver/Src/stm32f7xx_hal_flash.o
LOAD ./Drivers/STM32F7xx_HAL_Driver/Src/stm32f7xx_hal_flash_ex.o
LOAD ./Drivers/STM32F7xx_HAL_Driver/Src/stm32f7xx_hal_gpio.o
LOAD ./Drivers/STM32F7xx_HAL_Driver/Src/stm32f7xx_hal_i2c.o
LOAD ./Drivers/STM32F7xx_HAL_Driver/Src/stm32f7xx_hal_i2c_ex.o
LOAD ./Drivers/STM32F7xx_HAL_Driver/Src/stm32f7xx_hal_pwr.o
LOAD ./Drivers/STM32F7xx_HAL_Driver/Src/stm32f7xx_hal_pwr_ex.o
LOAD ./Drivers/STM32F7xx_HAL_Driver/Src/stm32f7xx_hal_rcc.o
LOAD ./Drivers/STM32F7xx_HAL_Driver/Src/stm32f7xx_hal_rcc_ex.o
LOAD ./Drivers/STM32F7xx_HAL_Driver/Src/stm32f7xx_hal_spi.o
LOAD ./Drivers/STM32F7xx_HAL_Driver/Src/stm32f7xx_hal_spi_ex.o
LOAD ./Drivers/STM32F7xx_HAL_Driver/Src/stm32f7xx_hal_tim.o
LOAD ./Drivers/STM32F7xx_HAL_Driver/Src/stm32f7xx_hal_tim_ex.o
LOAD ./Drivers/STM32F7xx_HAL_Driver/Src/stm32f7xx_hal_uart.o
LOAD ./Drivers/STM32F7xx_HAL_Driver/Src/stm32f7xx_hal_uart_ex.o
LOAD ./nrf24l01p/nrf24l01p_driver.o
LOAD ./nrf24l01p/nrf24l01p_driver_B.o
LOAD ./nrf24l01p/nrf24l01p_func.o
LOAD ./nrf24l01p/nrf24l01p_port.o
LOAD ./nrf24l01p/nrf24l01p_port_B.o
START GROUP
LOAD c:/st/stm32cubeide_1.8.0/stm32cubeide/plugins/com.st.stm32cube.ide.mcu.externaltools.gnu-tools-for-stm32.9-2020-q2-update.win32_2.0.0.202105311346/tools/bin/../lib/gcc/arm-none-eabi/9.3.1/../../../../arm-none-eabi/lib/thumb/v7e-m+dp/hard\libc_nano.a
LOAD c:/st/stm32cubeide_1.8.0/stm32cubeide/plugins/com.st.stm32cube.ide.mcu.externaltools.gnu-tools-for-stm32.9-2020-q2-update.win32_2.0.0.202105311346/tools/bin/../lib/gcc/arm-none-eabi/9.3.1/../../../../arm-none-eabi/lib/thumb/v7e-m+dp/hard\libm.a
END GROUP
START GROUP
LOAD c:/st/stm32cubeide_1.8.0/stm32cubeide/plugins/com.st.stm32cube.ide.mcu.externaltools.gnu-tools-for-stm32.9-2020-q2-update.win32_2.0.0.202105311346/tools/bin/../lib/gcc/arm-none-eabi/9.3.1/thumb/v7e-m+dp/hard\libgcc.a
LOAD c:/st/stm32cubeide_1.8.0/stm32cubeide/plugins/com.st.stm32cube.ide.mcu.externaltools.gnu-tools-for-stm32.9-2020-q2-update.win32_2.0.0.202105311346/tools/bin/../lib/gcc/arm-none-eabi/9.3.1/../../../../arm-none-eabi/lib/thumb/v7e-m+dp/hard\libc_nano.a
END GROUP
START GROUP
LOAD c:/st/stm32cubeide_1.8.0/stm32cubeide/plugins/com.st.stm32cube.ide.mcu.externaltools.gnu-tools-for-stm32.9-2020-q2-update.win32_2.0.0.202105311346/tools/bin/../lib/gcc/arm-none-eabi/9.3.1/thumb/v7e-m+dp/hard\libgcc.a
LOAD c:/st/stm32cubeide_1.8.0/stm32cubeide/plugins/com.st.stm32cube.ide.mcu.externaltools.gnu-tools-for-stm32.9-2020-q2-update.win32_2.0.0.202105311346/tools/bin/../lib/gcc/arm-none-eabi/9.3.1/../../../../arm-none-eabi/lib/thumb/v7e-m+dp/hard\libc_nano.a
LOAD c:/st/stm32cubeide_1.8.0/stm32cubeide/plugins/com.st.stm32cube.ide.mcu.externaltools.gnu-tools-for-stm32.9-2020-q2-update.win32_2.0.0.202105311346/tools/bin/../lib/gcc/arm-none-eabi/9.3.1/../../../../arm-none-eabi/lib/thumb/v7e-m+dp/hard\libnosys.a
END GROUP
START GROUP
LOAD c:/st/stm32cubeide_1.8.0/stm32cubeide/plugins/com.st.stm32cube.ide.mcu.externaltools.gnu-tools-for-stm32.9-2020-q2-update.win32_2.0.0.202105311346/tools/bin/../lib/gcc/arm-none-eabi/9.3.1/thumb/v7e-m+dp/hard\libgcc.a
LOAD c:/st/stm32cubeide_1.8.0/stm32cubeide/plugins/com.st.stm32cube.ide.mcu.externaltools.gnu-tools-for-stm32.9-2020-q2-update.win32_2.0.0.202105311346/tools/bin/../lib/gcc/arm-none-eabi/9.3.1/../../../../arm-none-eabi/lib/thumb/v7e-m+dp/hard\libc_nano.a
LOAD c:/st/stm32cubeide_1.8.0/stm32cubeide/plugins/com.st.stm32cube.ide.mcu.externaltools.gnu-tools-for-stm32.9-2020-q2-update.win32_2.0.0.202105311346/tools/bin/../lib/gcc/arm-none-eabi/9.3.1/../../../../arm-none-eabi/lib/thumb/v7e-m+dp/hard\libnosys.a
END GROUP
LOAD c:/st/stm32cubeide_1.8.0/stm32cubeide/plugins/com.st.stm32cube.ide.mcu.externaltools.gnu-tools-for-stm32.9-2020-q2-update.win32_2.0.0.202105311346/tools/bin/../lib/gcc/arm-none-eabi/9.3.1/thumb/v7e-m+dp/hard/crtend.o
LOAD c:/st/stm32cubeide_1.8.0/stm32cubeide/plugins/com.st.stm32cube.ide.mcu.externaltools.gnu-tools-for-stm32.9-2020-q2-update.win32_2.0.0.202105311346/tools/bin/../lib/gcc/arm-none-eabi/9.3.1/thumb/v7e-m+dp/hard/crtn.o
                0x0000000020080000                _estack = (ORIGIN (RAM) + LENGTH (RAM))
                0x0000000000000200                _Min_Heap_Size = 0x200
                0x0000000000000400                _Min_Stack_Size = 0x400

.isr_vector     0x0000000008000000      0x1f8
                0x0000000008000000                . = ALIGN (0x4)
 *(.isr_vector)
 .isr_vector    0x0000000008000000      0x1f8 ./Core/Startup/startup_stm32f767zitx.o
                0x0000000008000000                g_pfnVectors
                0x00000000080001f8                . = ALIGN (0x4)

.text           0x0000000008000200     0x94d4
                0x0000000008000200                . = ALIGN (0x4)
 *(.text)
 .text          0x0000000008000200       0x40 c:/st/stm32cubeide_1.8.0/stm32cubeide/plugins/com.st.stm32cube.ide.mcu.externaltools.gnu-tools-for-stm32.9-2020-q2-update.win32_2.0.0.202105311346/tools/bin/../lib/gcc/arm-none-eabi/9.3.1/thumb/v7e-m+dp/hard/crtbegin.o
 .text          0x0000000008000240       0xa0 c:/st/stm32cubeide_1.8.0/stm32cubeide/plugins/com.st.stm32cube.ide.mcu.externaltools.gnu-tools-for-stm32.9-2020-q2-update.win32_2.0.0.202105311346/tools/bin/../lib/gcc/arm-none-eabi/9.3.1/../../../../arm-none-eabi/lib/thumb/v7e-m+dp/hard\libc_nano.a(lib_a-memchr.o)
                0x0000000008000240                memchr
 .text          0x00000000080002e0       0x30 c:/st/stm32cubeide_1.8.0/stm32cubeide/plugins/com.st.stm32cube.ide.mcu.externaltools.gnu-tools-for-stm32.9-2020-q2-update.win32_2.0.0.202105311346/tools/bin/../lib/gcc/arm-none-eabi/9.3.1/thumb/v7e-m+dp/hard\libgcc.a(_aeabi_uldivmod.o)
                0x00000000080002e0                __aeabi_uldivmod
 .text          0x0000000008000310      0x2c4 c:/st/stm32cubeide_1.8.0/stm32cubeide/plugins/com.st.stm32cube.ide.mcu.externaltools.gnu-tools-for-stm32.9-2020-q2-update.win32_2.0.0.202105311346/tools/bin/../lib/gcc/arm-none-eabi/9.3.1/thumb/v7e-m+dp/hard\libgcc.a(_udivmoddi4.o)
                0x0000000008000310                __udivmoddi4
 .text          0x00000000080005d4        0x4 c:/st/stm32cubeide_1.8.0/stm32cubeide/plugins/com.st.stm32cube.ide.mcu.externaltools.gnu-tools-for-stm32.9-2020-q2-update.win32_2.0.0.202105311346/tools/bin/../lib/gcc/arm-none-eabi/9.3.1/thumb/v7e-m+dp/hard\libgcc.a(_dvmd_tls.o)
                0x00000000080005d4                __aeabi_idiv0
                0x00000000080005d4                __aeabi_ldiv0
 *(.text*)
 .text.MX_ADC1_Init
                0x00000000080005d8       0xa4 ./Core/Src/adc.o
                0x00000000080005d8                MX_ADC1_Init
 .text.HAL_ADC_MspInit
                0x000000000800067c       0xe4 ./Core/Src/adc.o
                0x000000000800067c                HAL_ADC_MspInit
 .text.MX_DAC_Init
                0x0000000008000760       0x54 ./Core/Src/dac.o
                0x0000000008000760                MX_DAC_Init
 .text.HAL_DAC_MspInit
                0x00000000080007b4       0x80 ./Core/Src/dac.o
                0x00000000080007b4                HAL_DAC_MspInit
 .text.MX_DMA_Init
                0x0000000008000834       0x64 ./Core/Src/dma.o
                0x0000000008000834                MX_DMA_Init
 .text.MX_ETH_Init
                0x0000000008000898       0x84 ./Core/Src/eth.o
                0x0000000008000898                MX_ETH_Init
 .text.HAL_ETH_MspInit
                0x000000000800091c      0x170 ./Core/Src/eth.o
                0x000000000800091c                HAL_ETH_MspInit
 .text.MX_GPIO_Init
                0x0000000008000a8c      0x2b4 ./Core/Src/gpio.o
                0x0000000008000a8c                MX_GPIO_Init
 .text.MX_I2C2_Init
                0x0000000008000d40       0x80 ./Core/Src/i2c.o
                0x0000000008000d40                MX_I2C2_Init
 .text.MX_I2C4_Init
                0x0000000008000dc0       0x80 ./Core/Src/i2c.o
                0x0000000008000dc0                MX_I2C4_Init
 .text.HAL_I2C_MspInit
                0x0000000008000e40      0x150 ./Core/Src/i2c.o
                0x0000000008000e40                HAL_I2C_MspInit
 .text.main     0x0000000008000f90      0x1b8 ./Core/Src/main.o
                0x0000000008000f90                main
 .text.SystemClock_Config
                0x0000000008001148       0xe4 ./Core/Src/main.o
                0x0000000008001148                SystemClock_Config
 .text.Error_Handler
                0x000000000800122c        0xa ./Core/Src/main.o
                0x000000000800122c                Error_Handler
 *fill*         0x0000000008001236        0x2 
 .text.MX_SPI3_Init
                0x0000000008001238       0x7c ./Core/Src/spi.o
                0x0000000008001238                MX_SPI3_Init
 .text.HAL_SPI_MspInit
                0x00000000080012b4       0x88 ./Core/Src/spi.o
                0x00000000080012b4                HAL_SPI_MspInit
 .text.HAL_MspInit
                0x000000000800133c       0x48 ./Core/Src/stm32f7xx_hal_msp.o
                0x000000000800133c                HAL_MspInit
 .text.NMI_Handler
                0x0000000008001384        0x6 ./Core/Src/stm32f7xx_it.o
                0x0000000008001384                NMI_Handler
 .text.HardFault_Handler
                0x000000000800138a        0x6 ./Core/Src/stm32f7xx_it.o
                0x000000000800138a                HardFault_Handler
 .text.MemManage_Handler
                0x0000000008001390        0x6 ./Core/Src/stm32f7xx_it.o
                0x0000000008001390                MemManage_Handler
 .text.BusFault_Handler
                0x0000000008001396        0x6 ./Core/Src/stm32f7xx_it.o
                0x0000000008001396                BusFault_Handler
 .text.UsageFault_Handler
                0x000000000800139c        0x6 ./Core/Src/stm32f7xx_it.o
                0x000000000800139c                UsageFault_Handler
 .text.SVC_Handler
                0x00000000080013a2        0xe ./Core/Src/stm32f7xx_it.o
                0x00000000080013a2                SVC_Handler
 .text.DebugMon_Handler
                0x00000000080013b0        0xe ./Core/Src/stm32f7xx_it.o
                0x00000000080013b0                DebugMon_Handler
 .text.PendSV_Handler
                0x00000000080013be        0xe ./Core/Src/stm32f7xx_it.o
                0x00000000080013be                PendSV_Handler
 .text.SysTick_Handler
                0x00000000080013cc        0xc ./Core/Src/stm32f7xx_it.o
                0x00000000080013cc                SysTick_Handler
 .text.DMA1_Stream3_IRQHandler
                0x00000000080013d8       0x14 ./Core/Src/stm32f7xx_it.o
                0x00000000080013d8                DMA1_Stream3_IRQHandler
 .text.DMA2_Stream0_IRQHandler
                0x00000000080013ec       0x14 ./Core/Src/stm32f7xx_it.o
                0x00000000080013ec                DMA2_Stream0_IRQHandler
 .text.UART7_IRQHandler
                0x0000000008001400       0x14 ./Core/Src/stm32f7xx_it.o
                0x0000000008001400                UART7_IRQHandler
 .text._read    0x0000000008001414       0x3a ./Core/Src/syscalls.o
                0x0000000008001414                _read
 .text._close   0x000000000800144e       0x18 ./Core/Src/syscalls.o
                0x000000000800144e                _close
 .text._fstat   0x0000000008001466       0x20 ./Core/Src/syscalls.o
                0x0000000008001466                _fstat
 .text._isatty  0x0000000008001486       0x16 ./Core/Src/syscalls.o
                0x0000000008001486                _isatty
 .text._lseek   0x000000000800149c       0x1a ./Core/Src/syscalls.o
                0x000000000800149c                _lseek
 *fill*         0x00000000080014b6        0x2 
 .text._sbrk    0x00000000080014b8       0x6c ./Core/Src/sysmem.o
                0x00000000080014b8                _sbrk
 .text.SystemInit
                0x0000000008001524       0x24 ./Core/Src/system_stm32f7xx.o
                0x0000000008001524                SystemInit
 .text.MX_TIM2_Init
                0x0000000008001548      0x104 ./Core/Src/tim.o
                0x0000000008001548                MX_TIM2_Init
 .text.MX_TIM3_Init
                0x000000000800164c      0x104 ./Core/Src/tim.o
                0x000000000800164c                MX_TIM3_Init
 .text.MX_TIM9_Init
                0x0000000008001750       0xc4 ./Core/Src/tim.o
                0x0000000008001750                MX_TIM9_Init
 .text.HAL_TIM_Base_MspInit
                0x0000000008001814       0x8c ./Core/Src/tim.o
                0x0000000008001814                HAL_TIM_Base_MspInit
 .text.HAL_TIM_MspPostInit
                0x00000000080018a0      0x178 ./Core/Src/tim.o
                0x00000000080018a0                HAL_TIM_MspPostInit
 .text.MX_UART7_Init
                0x0000000008001a18       0x60 ./Core/Src/usart.o
                0x0000000008001a18                MX_UART7_Init
 .text.MX_USART3_UART_Init
                0x0000000008001a78       0x60 ./Core/Src/usart.o
                0x0000000008001a78                MX_USART3_UART_Init
 .text.HAL_UART_MspInit
                0x0000000008001ad8      0x1c0 ./Core/Src/usart.o
                0x0000000008001ad8                HAL_UART_MspInit
 .text._write   0x0000000008001c98       0x2c ./Core/Src/usart.o
                0x0000000008001c98                _write
 .text.MX_USB_OTG_FS_USB_Init
                0x0000000008001cc4        0xe ./Core/Src/usb_otg.o
                0x0000000008001cc4                MX_USB_OTG_FS_USB_Init
 *fill*         0x0000000008001cd2        0x2 
 .text.Reset_Handler
                0x0000000008001cd4       0x50 ./Core/Startup/startup_stm32f767zitx.o
                0x0000000008001cd4                Reset_Handler
 .text.Default_Handler
                0x0000000008001d24        0x2 ./Core/Startup/startup_stm32f767zitx.o
                0x0000000008001d24                RTC_Alarm_IRQHandler
                0x0000000008001d24                EXTI2_IRQHandler
                0x0000000008001d24                TIM8_CC_IRQHandler
                0x0000000008001d24                UART8_IRQHandler
                0x0000000008001d24                SPI4_IRQHandler
                0x0000000008001d24                TIM1_CC_IRQHandler
                0x0000000008001d24                DMA2_Stream5_IRQHandler
                0x0000000008001d24                JPEG_IRQHandler
                0x0000000008001d24                DMA1_Stream5_IRQHandler
                0x0000000008001d24                CAN3_RX1_IRQHandler
                0x0000000008001d24                PVD_IRQHandler
                0x0000000008001d24                TAMP_STAMP_IRQHandler
                0x0000000008001d24                CAN2_RX1_IRQHandler
                0x0000000008001d24                EXTI3_IRQHandler
                0x0000000008001d24                TIM8_TRG_COM_TIM14_IRQHandler
                0x0000000008001d24                DFSDM1_FLT1_IRQHandler
                0x0000000008001d24                TIM1_UP_TIM10_IRQHandler
                0x0000000008001d24                TIM8_UP_TIM13_IRQHandler
                0x0000000008001d24                I2C3_ER_IRQHandler
                0x0000000008001d24                DFSDM1_FLT2_IRQHandler
                0x0000000008001d24                EXTI0_IRQHandler
                0x0000000008001d24                I2C2_EV_IRQHandler
                0x0000000008001d24                DMA1_Stream2_IRQHandler
                0x0000000008001d24                CAN1_RX0_IRQHandler
                0x0000000008001d24                FPU_IRQHandler
                0x0000000008001d24                OTG_HS_WKUP_IRQHandler
                0x0000000008001d24                CAN3_SCE_IRQHandler
                0x0000000008001d24                LTDC_ER_IRQHandler
                0x0000000008001d24                CAN2_SCE_IRQHandler
                0x0000000008001d24                DMA2_Stream2_IRQHandler
                0x0000000008001d24                SPI1_IRQHandler
                0x0000000008001d24                TIM6_DAC_IRQHandler
                0x0000000008001d24                TIM1_BRK_TIM9_IRQHandler
                0x0000000008001d24                DCMI_IRQHandler
                0x0000000008001d24                CAN2_RX0_IRQHandler
                0x0000000008001d24                DMA2_Stream3_IRQHandler
                0x0000000008001d24                SAI2_IRQHandler
                0x0000000008001d24                DFSDM1_FLT3_IRQHandler
                0x0000000008001d24                USART6_IRQHandler
                0x0000000008001d24                CAN3_RX0_IRQHandler
                0x0000000008001d24                USART3_IRQHandler
                0x0000000008001d24                CAN1_RX1_IRQHandler
                0x0000000008001d24                UART5_IRQHandler
                0x0000000008001d24                TIM4_IRQHandler
                0x0000000008001d24                QUADSPI_IRQHandler
                0x0000000008001d24                I2C1_EV_IRQHandler
                0x0000000008001d24                DMA1_Stream6_IRQHandler
                0x0000000008001d24                DMA1_Stream1_IRQHandler
                0x0000000008001d24                UART4_IRQHandler
                0x0000000008001d24                TIM3_IRQHandler
                0x0000000008001d24                RCC_IRQHandler
                0x0000000008001d24                TIM8_BRK_TIM12_IRQHandler
                0x0000000008001d24                Default_Handler
                0x0000000008001d24                CEC_IRQHandler
                0x0000000008001d24                EXTI15_10_IRQHandler
                0x0000000008001d24                ADC_IRQHandler
                0x0000000008001d24                DMA1_Stream7_IRQHandler
                0x0000000008001d24                SPI5_IRQHandler
                0x0000000008001d24                TIM7_IRQHandler
                0x0000000008001d24                SDMMC1_IRQHandler
                0x0000000008001d24                CAN2_TX_IRQHandler
                0x0000000008001d24                TIM5_IRQHandler
                0x0000000008001d24                DMA2_Stream7_IRQHandler
                0x0000000008001d24                I2C3_EV_IRQHandler
                0x0000000008001d24                EXTI9_5_IRQHandler
                0x0000000008001d24                RTC_WKUP_IRQHandler
                0x0000000008001d24                LTDC_IRQHandler
                0x0000000008001d24                ETH_WKUP_IRQHandler
                0x0000000008001d24                SPDIF_RX_IRQHandler
                0x0000000008001d24                SPI2_IRQHandler
                0x0000000008001d24                OTG_HS_EP1_IN_IRQHandler
                0x0000000008001d24                DMA1_Stream0_IRQHandler
                0x0000000008001d24                CAN1_TX_IRQHandler
                0x0000000008001d24                EXTI4_IRQHandler
                0x0000000008001d24                RNG_IRQHandler
                0x0000000008001d24                ETH_IRQHandler
                0x0000000008001d24                OTG_HS_EP1_OUT_IRQHandler
                0x0000000008001d24                WWDG_IRQHandler
                0x0000000008001d24                SPI6_IRQHandler
                0x0000000008001d24                MDIOS_IRQHandler
                0x0000000008001d24                I2C4_EV_IRQHandler
                0x0000000008001d24                CAN3_TX_IRQHandler
                0x0000000008001d24                TIM2_IRQHandler
                0x0000000008001d24                OTG_FS_WKUP_IRQHandler
                0x0000000008001d24                TIM1_TRG_COM_TIM11_IRQHandler
                0x0000000008001d24                OTG_HS_IRQHandler
                0x0000000008001d24                DMA2D_IRQHandler
                0x0000000008001d24                EXTI1_IRQHandler
                0x0000000008001d24                SDMMC2_IRQHandler
                0x0000000008001d24                USART2_IRQHandler
                0x0000000008001d24                DFSDM1_FLT0_IRQHandler
                0x0000000008001d24                I2C2_ER_IRQHandler
                0x0000000008001d24                DMA2_Stream1_IRQHandler
                0x0000000008001d24                CAN1_SCE_IRQHandler
                0x0000000008001d24                FLASH_IRQHandler
                0x0000000008001d24                DMA2_Stream4_IRQHandler
                0x0000000008001d24                USART1_IRQHandler
                0x0000000008001d24                OTG_FS_IRQHandler
                0x0000000008001d24                SPI3_IRQHandler
                0x0000000008001d24                DMA1_Stream4_IRQHandler
                0x0000000008001d24                I2C1_ER_IRQHandler
                0x0000000008001d24                FMC_IRQHandler
                0x0000000008001d24                LPTIM1_IRQHandler
                0x0000000008001d24                I2C4_ER_IRQHandler
                0x0000000008001d24                DMA2_Stream6_IRQHandler
                0x0000000008001d24                SAI1_IRQHandler
 .text.HAL_Init
                0x0000000008001d26       0x1a ./Drivers/STM32F7xx_HAL_Driver/Src/stm32f7xx_hal.o
                0x0000000008001d26                HAL_Init
 .text.HAL_InitTick
                0x0000000008001d40       0x60 ./Drivers/STM32F7xx_HAL_Driver/Src/stm32f7xx_hal.o
                0x0000000008001d40                HAL_InitTick
 .text.HAL_IncTick
                0x0000000008001da0       0x28 ./Drivers/STM32F7xx_HAL_Driver/Src/stm32f7xx_hal.o
                0x0000000008001da0                HAL_IncTick
 .text.HAL_GetTick
                0x0000000008001dc8       0x18 ./Drivers/STM32F7xx_HAL_Driver/Src/stm32f7xx_hal.o
                0x0000000008001dc8                HAL_GetTick
 .text.HAL_Delay
                0x0000000008001de0       0x48 ./Drivers/STM32F7xx_HAL_Driver/Src/stm32f7xx_hal.o
                0x0000000008001de0                HAL_Delay
 .text.HAL_ADC_Init
                0x0000000008001e28       0x88 ./Drivers/STM32F7xx_HAL_Driver/Src/stm32f7xx_hal_adc.o
                0x0000000008001e28                HAL_ADC_Init
 .text.HAL_ADC_ConfigChannel
                0x0000000008001eb0      0x2ac ./Drivers/STM32F7xx_HAL_Driver/Src/stm32f7xx_hal_adc.o
                0x0000000008001eb0                HAL_ADC_ConfigChannel
 .text.ADC_Init
                0x000000000800215c      0x1f4 ./Drivers/STM32F7xx_HAL_Driver/Src/stm32f7xx_hal_adc.o
 .text.__NVIC_SetPriorityGrouping
                0x0000000008002350       0x48 ./Drivers/STM32F7xx_HAL_Driver/Src/stm32f7xx_hal_cortex.o
 .text.__NVIC_GetPriorityGrouping
                0x0000000008002398       0x1c ./Drivers/STM32F7xx_HAL_Driver/Src/stm32f7xx_hal_cortex.o
 .text.__NVIC_EnableIRQ
                0x00000000080023b4       0x3c ./Drivers/STM32F7xx_HAL_Driver/Src/stm32f7xx_hal_cortex.o
 .text.__NVIC_SetPriority
                0x00000000080023f0       0x54 ./Drivers/STM32F7xx_HAL_Driver/Src/stm32f7xx_hal_cortex.o
 .text.NVIC_EncodePriority
                0x0000000008002444       0x66 ./Drivers/STM32F7xx_HAL_Driver/Src/stm32f7xx_hal_cortex.o
 *fill*         0x00000000080024aa        0x2 
 .text.SysTick_Config
                0x00000000080024ac       0x44 ./Drivers/STM32F7xx_HAL_Driver/Src/stm32f7xx_hal_cortex.o
 .text.HAL_NVIC_SetPriorityGrouping
                0x00000000080024f0       0x16 ./Drivers/STM32F7xx_HAL_Driver/Src/stm32f7xx_hal_cortex.o
                0x00000000080024f0                HAL_NVIC_SetPriorityGrouping
 .text.HAL_NVIC_SetPriority
                0x0000000008002506       0x38 ./Drivers/STM32F7xx_HAL_Driver/Src/stm32f7xx_hal_cortex.o
                0x0000000008002506                HAL_NVIC_SetPriority
 .text.HAL_NVIC_EnableIRQ
                0x000000000800253e       0x1c ./Drivers/STM32F7xx_HAL_Driver/Src/stm32f7xx_hal_cortex.o
                0x000000000800253e                HAL_NVIC_EnableIRQ
 .text.HAL_SYSTICK_Config
                0x000000000800255a       0x18 ./Drivers/STM32F7xx_HAL_Driver/Src/stm32f7xx_hal_cortex.o
                0x000000000800255a                HAL_SYSTICK_Config
 .text.HAL_DAC_Init
                0x0000000008002572       0x44 ./Drivers/STM32F7xx_HAL_Driver/Src/stm32f7xx_hal_dac.o
                0x0000000008002572                HAL_DAC_Init
 .text.HAL_DAC_ConfigChannel
                0x00000000080025b6       0x9e ./Drivers/STM32F7xx_HAL_Driver/Src/stm32f7xx_hal_dac.o
                0x00000000080025b6                HAL_DAC_ConfigChannel
 .text.HAL_DMA_Init
                0x0000000008002654      0x15c ./Drivers/STM32F7xx_HAL_Driver/Src/stm32f7xx_hal_dma.o
                0x0000000008002654                HAL_DMA_Init
 .text.HAL_DMA_Abort
                0x00000000080027b0       0xe0 ./Drivers/STM32F7xx_HAL_Driver/Src/stm32f7xx_hal_dma.o
                0x00000000080027b0                HAL_DMA_Abort
 .text.HAL_DMA_Abort_IT
                0x0000000008002890       0x44 ./Drivers/STM32F7xx_HAL_Driver/Src/stm32f7xx_hal_dma.o
                0x0000000008002890                HAL_DMA_Abort_IT
 .text.HAL_DMA_IRQHandler
                0x00000000080028d4      0x314 ./Drivers/STM32F7xx_HAL_Driver/Src/stm32f7xx_hal_dma.o
                0x00000000080028d4                HAL_DMA_IRQHandler
 .text.DMA_CalcBaseAndBitshift
                0x0000000008002be8       0x6c ./Drivers/STM32F7xx_HAL_Driver/Src/stm32f7xx_hal_dma.o
 .text.DMA_CheckFifoParam
                0x0000000008002c54       0xf8 ./Drivers/STM32F7xx_HAL_Driver/Src/stm32f7xx_hal_dma.o
 .text.HAL_ETH_Init
                0x0000000008002d4c      0x334 ./Drivers/STM32F7xx_HAL_Driver/Src/stm32f7xx_hal_eth.o
                0x0000000008002d4c                HAL_ETH_Init
 .text.HAL_ETH_ReadPHYRegister
                0x0000000008003080       0xd0 ./Drivers/STM32F7xx_HAL_Driver/Src/stm32f7xx_hal_eth.o
                0x0000000008003080                HAL_ETH_ReadPHYRegister
 .text.HAL_ETH_WritePHYRegister
                0x0000000008003150       0xcc ./Drivers/STM32F7xx_HAL_Driver/Src/stm32f7xx_hal_eth.o
                0x0000000008003150                HAL_ETH_WritePHYRegister
 .text.ETH_MACDMAConfig
                0x000000000800321c      0x394 ./Drivers/STM32F7xx_HAL_Driver/Src/stm32f7xx_hal_eth.o
 .text.ETH_MACAddressConfig
                0x00000000080035b0       0x70 ./Drivers/STM32F7xx_HAL_Driver/Src/stm32f7xx_hal_eth.o
 .text.HAL_GPIO_Init
                0x0000000008003620      0x358 ./Drivers/STM32F7xx_HAL_Driver/Src/stm32f7xx_hal_gpio.o
                0x0000000008003620                HAL_GPIO_Init
 .text.HAL_GPIO_ReadPin
                0x0000000008003978       0x30 ./Drivers/STM32F7xx_HAL_Driver/Src/stm32f7xx_hal_gpio.o
                0x0000000008003978                HAL_GPIO_ReadPin
 .text.HAL_GPIO_WritePin
                0x00000000080039a8       0x32 ./Drivers/STM32F7xx_HAL_Driver/Src/stm32f7xx_hal_gpio.o
                0x00000000080039a8                HAL_GPIO_WritePin
 *fill*         0x00000000080039da        0x2 
 .text.HAL_I2C_Init
                0x00000000080039dc      0x120 ./Drivers/STM32F7xx_HAL_Driver/Src/stm32f7xx_hal_i2c.o
                0x00000000080039dc                HAL_I2C_Init
 .text.HAL_I2CEx_ConfigAnalogFilter
                0x0000000008003afc       0x96 ./Drivers/STM32F7xx_HAL_Driver/Src/stm32f7xx_hal_i2c_ex.o
                0x0000000008003afc                HAL_I2CEx_ConfigAnalogFilter
 .text.HAL_I2CEx_ConfigDigitalFilter
                0x0000000008003b92       0x98 ./Drivers/STM32F7xx_HAL_Driver/Src/stm32f7xx_hal_i2c_ex.o
                0x0000000008003b92                HAL_I2CEx_ConfigDigitalFilter
 *fill*         0x0000000008003c2a        0x2 
 .text.HAL_PWR_EnableBkUpAccess
                0x0000000008003c2c       0x20 ./Drivers/STM32F7xx_HAL_Driver/Src/stm32f7xx_hal_pwr.o
                0x0000000008003c2c                HAL_PWR_EnableBkUpAccess
 .text.HAL_PWREx_EnableOverDrive
                0x0000000008003c4c       0xa0 ./Drivers/STM32F7xx_HAL_Driver/Src/stm32f7xx_hal_pwr_ex.o
                0x0000000008003c4c                HAL_PWREx_EnableOverDrive
 .text.HAL_RCC_OscConfig
                0x0000000008003cec      0x55c ./Drivers/STM32F7xx_HAL_Driver/Src/stm32f7xx_hal_rcc.o
                0x0000000008003cec                HAL_RCC_OscConfig
 .text.HAL_RCC_ClockConfig
                0x0000000008004248      0x1d8 ./Drivers/STM32F7xx_HAL_Driver/Src/stm32f7xx_hal_rcc.o
                0x0000000008004248                HAL_RCC_ClockConfig
 .text.HAL_RCC_GetSysClockFreq
                0x0000000008004420      0x1c4 ./Drivers/STM32F7xx_HAL_Driver/Src/stm32f7xx_hal_rcc.o
                0x0000000008004420                HAL_RCC_GetSysClockFreq
 .text.HAL_RCC_GetHCLKFreq
                0x00000000080045e4       0x18 ./Drivers/STM32F7xx_HAL_Driver/Src/stm32f7xx_hal_rcc.o
                0x00000000080045e4                HAL_RCC_GetHCLKFreq
 .text.HAL_RCC_GetPCLK1Freq
                0x00000000080045fc       0x28 ./Drivers/STM32F7xx_HAL_Driver/Src/stm32f7xx_hal_rcc.o
                0x00000000080045fc                HAL_RCC_GetPCLK1Freq
 .text.HAL_RCC_GetPCLK2Freq
                0x0000000008004624       0x28 ./Drivers/STM32F7xx_HAL_Driver/Src/stm32f7xx_hal_rcc.o
                0x0000000008004624                HAL_RCC_GetPCLK2Freq
 .text.HAL_RCCEx_PeriphCLKConfig
                0x000000000800464c      0x850 ./Drivers/STM32F7xx_HAL_Driver/Src/stm32f7xx_hal_rcc_ex.o
                0x000000000800464c                HAL_RCCEx_PeriphCLKConfig
 .text.HAL_SPI_Init
                0x0000000008004e9c      0x156 ./Drivers/STM32F7xx_HAL_Driver/Src/stm32f7xx_hal_spi.o
                0x0000000008004e9c                HAL_SPI_Init
 .text.HAL_SPI_TransmitReceive
                0x0000000008004ff2      0x426 ./Drivers/STM32F7xx_HAL_Driver/Src/stm32f7xx_hal_spi.o
                0x0000000008004ff2                HAL_SPI_TransmitReceive
 .text.SPI_WaitFlagStateUntilTimeout
                0x0000000008005418      0x110 ./Drivers/STM32F7xx_HAL_Driver/Src/stm32f7xx_hal_spi.o
 .text.SPI_WaitFifoStateUntilTimeout
                0x0000000008005528      0x12c ./Drivers/STM32F7xx_HAL_Driver/Src/stm32f7xx_hal_spi.o
 .text.SPI_EndRxTxTransaction
                0x0000000008005654       0xd4 ./Drivers/STM32F7xx_HAL_Driver/Src/stm32f7xx_hal_spi.o
 .text.HAL_TIM_Base_Init
                0x0000000008005728       0xae ./Drivers/STM32F7xx_HAL_Driver/Src/stm32f7xx_hal_tim.o
                0x0000000008005728                HAL_TIM_Base_Init
 .text.HAL_TIM_PWM_Init
                0x00000000080057d6       0xae ./Drivers/STM32F7xx_HAL_Driver/Src/stm32f7xx_hal_tim.o
                0x00000000080057d6                HAL_TIM_PWM_Init
 .text.HAL_TIM_PWM_MspInit
                0x0000000008005884       0x14 ./Drivers/STM32F7xx_HAL_Driver/Src/stm32f7xx_hal_tim.o
                0x0000000008005884                HAL_TIM_PWM_MspInit
 .text.HAL_TIM_PWM_ConfigChannel
                0x0000000008005898      0x228 ./Drivers/STM32F7xx_HAL_Driver/Src/stm32f7xx_hal_tim.o
                0x0000000008005898                HAL_TIM_PWM_ConfigChannel
 .text.HAL_TIM_ConfigClockSource
                0x0000000008005ac0      0x194 ./Drivers/STM32F7xx_HAL_Driver/Src/stm32f7xx_hal_tim.o
                0x0000000008005ac0                HAL_TIM_ConfigClockSource
 .text.TIM_Base_SetConfig
                0x0000000008005c54      0x140 ./Drivers/STM32F7xx_HAL_Driver/Src/stm32f7xx_hal_tim.o
                0x0000000008005c54                TIM_Base_SetConfig
 .text.TIM_OC1_SetConfig
                0x0000000008005d94       0xe4 ./Drivers/STM32F7xx_HAL_Driver/Src/stm32f7xx_hal_tim.o
 .text.TIM_OC2_SetConfig
                0x0000000008005e78       0xf0 ./Drivers/STM32F7xx_HAL_Driver/Src/stm32f7xx_hal_tim.o
                0x0000000008005e78                TIM_OC2_SetConfig
 .text.TIM_OC3_SetConfig
                0x0000000008005f68       0xec ./Drivers/STM32F7xx_HAL_Driver/Src/stm32f7xx_hal_tim.o
 .text.TIM_OC4_SetConfig
                0x0000000008006054       0xb0 ./Drivers/STM32F7xx_HAL_Driver/Src/stm32f7xx_hal_tim.o
 .text.TIM_OC5_SetConfig
                0x0000000008006104       0xa4 ./Drivers/STM32F7xx_HAL_Driver/Src/stm32f7xx_hal_tim.o
 .text.TIM_OC6_SetConfig
                0x00000000080061a8       0xa8 ./Drivers/STM32F7xx_HAL_Driver/Src/stm32f7xx_hal_tim.o
 .text.TIM_TI1_ConfigInputStage
                0x0000000008006250       0x5e ./Drivers/STM32F7xx_HAL_Driver/Src/stm32f7xx_hal_tim.o
 .text.TIM_TI2_ConfigInputStage
                0x00000000080062ae       0x60 ./Drivers/STM32F7xx_HAL_Driver/Src/stm32f7xx_hal_tim.o
 .text.TIM_ITRx_SetConfig
                0x000000000800630e       0x36 ./Drivers/STM32F7xx_HAL_Driver/Src/stm32f7xx_hal_tim.o
 .text.TIM_ETR_SetConfig
                0x0000000008006344       0x40 ./Drivers/STM32F7xx_HAL_Driver/Src/stm32f7xx_hal_tim.o
                0x0000000008006344                TIM_ETR_SetConfig
 .text.HAL_TIMEx_MasterConfigSynchronization
                0x0000000008006384      0x11c ./Drivers/STM32F7xx_HAL_Driver/Src/stm32f7xx_hal_tim_ex.o
                0x0000000008006384                HAL_TIMEx_MasterConfigSynchronization
 .text.HAL_UART_Init
                0x00000000080064a0       0x9c ./Drivers/STM32F7xx_HAL_Driver/Src/stm32f7xx_hal_uart.o
                0x00000000080064a0                HAL_UART_Init
 .text.HAL_UART_Transmit
                0x000000000800653c      0x126 ./Drivers/STM32F7xx_HAL_Driver/Src/stm32f7xx_hal_uart.o
                0x000000000800653c                HAL_UART_Transmit
 *fill*         0x0000000008006662        0x2 
 .text.HAL_UART_IRQHandler
                0x0000000008006664      0x5c0 ./Drivers/STM32F7xx_HAL_Driver/Src/stm32f7xx_hal_uart.o
                0x0000000008006664                HAL_UART_IRQHandler
 .text.HAL_UART_TxCpltCallback
                0x0000000008006c24       0x14 ./Drivers/STM32F7xx_HAL_Driver/Src/stm32f7xx_hal_uart.o
                0x0000000008006c24                HAL_UART_TxCpltCallback
 .text.HAL_UART_ErrorCallback
                0x0000000008006c38       0x14 ./Drivers/STM32F7xx_HAL_Driver/Src/stm32f7xx_hal_uart.o
                0x0000000008006c38                HAL_UART_ErrorCallback
 .text.HAL_UARTEx_RxEventCallback
                0x0000000008006c4c       0x18 ./Drivers/STM32F7xx_HAL_Driver/Src/stm32f7xx_hal_uart.o
                0x0000000008006c4c                HAL_UARTEx_RxEventCallback
 .text.HAL_UARTEx_WakeupCallback
                0x0000000008006c64       0x14 ./Drivers/STM32F7xx_HAL_Driver/Src/stm32f7xx_hal_uart.o
                0x0000000008006c64                HAL_UARTEx_WakeupCallback
 .text.UART_SetConfig
                0x0000000008006c78      0x4c4 ./Drivers/STM32F7xx_HAL_Driver/Src/stm32f7xx_hal_uart.o
                0x0000000008006c78                UART_SetConfig
 .text.UART_AdvFeatureConfig
                0x000000000800713c      0x144 ./Drivers/STM32F7xx_HAL_Driver/Src/stm32f7xx_hal_uart.o
                0x000000000800713c                UART_AdvFeatureConfig
 .text.UART_CheckIdleState
                0x0000000008007280       0x92 ./Drivers/STM32F7xx_HAL_Driver/Src/stm32f7xx_hal_uart.o
                0x0000000008007280                UART_CheckIdleState
 .text.UART_WaitOnFlagUntilTimeout
                0x0000000008007312      0x188 ./Drivers/STM32F7xx_HAL_Driver/Src/stm32f7xx_hal_uart.o
                0x0000000008007312                UART_WaitOnFlagUntilTimeout
 .text.UART_EndRxTransfer
                0x000000000800749a       0xc6 ./Drivers/STM32F7xx_HAL_Driver/Src/stm32f7xx_hal_uart.o
 .text.UART_DMAAbortOnError
                0x0000000008007560       0x2c ./Drivers/STM32F7xx_HAL_Driver/Src/stm32f7xx_hal_uart.o
 .text.UART_EndTransmit_IT
                0x000000000800758c       0x54 ./Drivers/STM32F7xx_HAL_Driver/Src/stm32f7xx_hal_uart.o
 .text.NRF_configure
                0x00000000080075e0       0xe8 ./nrf24l01p/nrf24l01p_driver.o
                0x00000000080075e0                NRF_configure
 .text.NRF_getSTATUS
                0x00000000080076c8       0x10 ./nrf24l01p/nrf24l01p_driver.o
                0x00000000080076c8                NRF_getSTATUS
 .text.NRF_setCONFIG
                0x00000000080076d8       0x1c ./nrf24l01p/nrf24l01p_driver.o
                0x00000000080076d8                NRF_setCONFIG
 .text.NRF_setEN_AA
                0x00000000080076f4       0x1c ./nrf24l01p/nrf24l01p_driver.o
                0x00000000080076f4                NRF_setEN_AA
 .text.NRF_setEN_RXADDR
                0x0000000008007710       0x1c ./nrf24l01p/nrf24l01p_driver.o
                0x0000000008007710                NRF_setEN_RXADDR
 .text.NRF_setSETUP_AW
                0x000000000800772c       0x1c ./nrf24l01p/nrf24l01p_driver.o
                0x000000000800772c                NRF_setSETUP_AW
 .text.NRF_setSETUP_RETR
                0x0000000008007748       0x1c ./nrf24l01p/nrf24l01p_driver.o
                0x0000000008007748                NRF_setSETUP_RETR
 .text.NRF_setRF_CH
                0x0000000008007764       0x1c ./nrf24l01p/nrf24l01p_driver.o
                0x0000000008007764                NRF_setRF_CH
 .text.NRF_setRF_SETUP
                0x0000000008007780       0x1c ./nrf24l01p/nrf24l01p_driver.o
                0x0000000008007780                NRF_setRF_SETUP
 .text.NRF_setSTATUS
                0x000000000800779c       0x1c ./nrf24l01p/nrf24l01p_driver.o
                0x000000000800779c                NRF_setSTATUS
 .text.NRF_setRX_ADDR_P0
                0x00000000080077b8       0x5c ./nrf24l01p/nrf24l01p_driver.o
                0x00000000080077b8                NRF_setRX_ADDR_P0
 .text.NRF_setTX_ADDR
                0x0000000008007814       0x5c ./nrf24l01p/nrf24l01p_driver.o
                0x0000000008007814                NRF_setTX_ADDR
 .text.NRF_setDYNPD
                0x0000000008007870       0x1c ./nrf24l01p/nrf24l01p_driver.o
                0x0000000008007870                NRF_setDYNPD
 .text.NRF_setFEATURE
                0x000000000800788c       0x1c ./nrf24l01p/nrf24l01p_driver.o
                0x000000000800788c                NRF_setFEATURE
 .text.NRF_getR_RX_PAYLOAD
                0x00000000080078a8       0x6c ./nrf24l01p/nrf24l01p_driver.o
                0x00000000080078a8                NRF_getR_RX_PAYLOAD
 .text.NRF_setW_TX_PAYLOAD
                0x0000000008007914       0x6c ./nrf24l01p/nrf24l01p_driver.o
                0x0000000008007914                NRF_setW_TX_PAYLOAD
 .text.NRF_setFLUSH_TX
                0x0000000008007980       0x22 ./nrf24l01p/nrf24l01p_driver.o
                0x0000000008007980                NRF_setFLUSH_TX
 .text.NRF_setFLUSH_RX
                0x00000000080079a2       0x22 ./nrf24l01p/nrf24l01p_driver.o
                0x00000000080079a2                NRF_setFLUSH_RX
 .text.NRF_getR_RX_PL_WID
                0x00000000080079c4       0x10 ./nrf24l01p/nrf24l01p_driver.o
                0x00000000080079c4                NRF_getR_RX_PL_WID
 .text.NRF_getIRQ
                0x00000000080079d4        0xe ./nrf24l01p/nrf24l01p_driver.o
                0x00000000080079d4                NRF_getIRQ
 .text.NRF_CEactivate
                0x00000000080079e2        0xc ./nrf24l01p/nrf24l01p_driver.o
                0x00000000080079e2                NRF_CEactivate
 .text.NRF_CEdeactivate
                0x00000000080079ee        0xc ./nrf24l01p/nrf24l01p_driver.o
                0x00000000080079ee                NRF_CEdeactivate
 .text.NRF_powerUp
                0x00000000080079fa        0xc ./nrf24l01p/nrf24l01p_driver.o
                0x00000000080079fa                NRF_powerUp
 .text.NRF_powerDown
                0x0000000008007a06        0xc ./nrf24l01p/nrf24l01p_driver.o
                0x0000000008007a06                NRF_powerDown
 .text.NRF_postProcess
                0x0000000008007a12       0xb8 ./nrf24l01p/nrf24l01p_driver.o
                0x0000000008007a12                NRF_postProcess
 .text.NRF_powerCycle
                0x0000000008007aca       0x5e ./nrf24l01p/nrf24l01p_driver.o
                0x0000000008007aca                NRF_powerCycle
 .text.NRF_configure_B
                0x0000000008007b28       0xe8 ./nrf24l01p/nrf24l01p_driver_B.o
                0x0000000008007b28                NRF_configure_B
 .text.NRF_getSTATUS_B
                0x0000000008007c10       0x10 ./nrf24l01p/nrf24l01p_driver_B.o
                0x0000000008007c10                NRF_getSTATUS_B
 .text.NRF_setCONFIG_B
                0x0000000008007c20       0x1c ./nrf24l01p/nrf24l01p_driver_B.o
                0x0000000008007c20                NRF_setCONFIG_B
 .text.NRF_setEN_AA_B
                0x0000000008007c3c       0x1c ./nrf24l01p/nrf24l01p_driver_B.o
                0x0000000008007c3c                NRF_setEN_AA_B
 .text.NRF_setEN_RXADDR_B
                0x0000000008007c58       0x1c ./nrf24l01p/nrf24l01p_driver_B.o
                0x0000000008007c58                NRF_setEN_RXADDR_B
 .text.NRF_setSETUP_AW_B
                0x0000000008007c74       0x1c ./nrf24l01p/nrf24l01p_driver_B.o
                0x0000000008007c74                NRF_setSETUP_AW_B
 .text.NRF_setSETUP_RETR_B
                0x0000000008007c90       0x1c ./nrf24l01p/nrf24l01p_driver_B.o
                0x0000000008007c90                NRF_setSETUP_RETR_B
 .text.NRF_setRF_CH_B
                0x0000000008007cac       0x1c ./nrf24l01p/nrf24l01p_driver_B.o
                0x0000000008007cac                NRF_setRF_CH_B
 .text.NRF_setRF_SETUP_B
                0x0000000008007cc8       0x1c ./nrf24l01p/nrf24l01p_driver_B.o
                0x0000000008007cc8                NRF_setRF_SETUP_B
 .text.NRF_setSTATUS_B
                0x0000000008007ce4       0x1c ./nrf24l01p/nrf24l01p_driver_B.o
                0x0000000008007ce4                NRF_setSTATUS_B
 .text.NRF_setRX_ADDR_P0_B
                0x0000000008007d00       0x5c ./nrf24l01p/nrf24l01p_driver_B.o
                0x0000000008007d00                NRF_setRX_ADDR_P0_B
 .text.NRF_setTX_ADDR_B
                0x0000000008007d5c       0x5c ./nrf24l01p/nrf24l01p_driver_B.o
                0x0000000008007d5c                NRF_setTX_ADDR_B
 .text.NRF_setDYNPD_B
                0x0000000008007db8       0x1c ./nrf24l01p/nrf24l01p_driver_B.o
                0x0000000008007db8                NRF_setDYNPD_B
 .text.NRF_setFEATURE_B
                0x0000000008007dd4       0x1c ./nrf24l01p/nrf24l01p_driver_B.o
                0x0000000008007dd4                NRF_setFEATURE_B
 .text.NRF_getR_RX_PAYLOAD_B
                0x0000000008007df0       0x6c ./nrf24l01p/nrf24l01p_driver_B.o
                0x0000000008007df0                NRF_getR_RX_PAYLOAD_B
 .text.NRF_setFLUSH_TX_B
                0x0000000008007e5c       0x22 ./nrf24l01p/nrf24l01p_driver_B.o
                0x0000000008007e5c                NRF_setFLUSH_TX_B
 .text.NRF_setFLUSH_RX_B
                0x0000000008007e7e       0x22 ./nrf24l01p/nrf24l01p_driver_B.o
                0x0000000008007e7e                NRF_setFLUSH_RX_B
 .text.NRF_getR_RX_PL_WID_B
                0x0000000008007ea0       0x10 ./nrf24l01p/nrf24l01p_driver_B.o
                0x0000000008007ea0                NRF_getR_RX_PL_WID_B
 .text.NRF_set_W_ACK_PAYLOAD_B
                0x0000000008007eb0       0x76 ./nrf24l01p/nrf24l01p_driver_B.o
                0x0000000008007eb0                NRF_set_W_ACK_PAYLOAD_B
 .text.NRF_getIRQ_B
                0x0000000008007f26        0xe ./nrf24l01p/nrf24l01p_driver_B.o
                0x0000000008007f26                NRF_getIRQ_B
 .text.NRF_CEactivate_B
                0x0000000008007f34        0xc ./nrf24l01p/nrf24l01p_driver_B.o
                0x0000000008007f34                NRF_CEactivate_B
 .text.NRF_CEdeactivate_B
                0x0000000008007f40        0xc ./nrf24l01p/nrf24l01p_driver_B.o
                0x0000000008007f40                NRF_CEdeactivate_B
 .text.NRF_powerUp_B
                0x0000000008007f4c        0xc ./nrf24l01p/nrf24l01p_driver_B.o
                0x0000000008007f4c                NRF_powerUp_B
 .text.NRF_powerDown_B
                0x0000000008007f58        0xc ./nrf24l01p/nrf24l01p_driver_B.o
                0x0000000008007f58                NRF_powerDown_B
 .text.NRF_postProcess_B
                0x0000000008007f64       0xb8 ./nrf24l01p/nrf24l01p_driver_B.o
                0x0000000008007f64                NRF_postProcess_B
 .text.NRF_powerCycle_B
                0x000000000800801c       0x5e ./nrf24l01p/nrf24l01p_driver_B.o
                0x000000000800801c                NRF_powerCycle_B
 *fill*         0x000000000800807a        0x2 
 .text.nrfport_spiTransaction
                0x000000000800807c       0x54 ./nrf24l01p/nrf24l01p_port.o
                0x000000000800807c                nrfport_spiTransaction
 .text.nrfport_writeByte
                0x00000000080080d0       0x3e ./nrf24l01p/nrf24l01p_port.o
                0x00000000080080d0                nrfport_writeByte
 .text.nrfport_readByte
                0x000000000800810e       0x30 ./nrf24l01p/nrf24l01p_port.o
                0x000000000800810e                nrfport_readByte
 *fill*         0x000000000800813e        0x2 
 .text.nrfport_ceHigh
                0x0000000008008140       0x18 ./nrf24l01p/nrf24l01p_port.o
                0x0000000008008140                nrfport_ceHigh
 .text.nrfport_ceLow
                0x0000000008008158       0x18 ./nrf24l01p/nrf24l01p_port.o
                0x0000000008008158                nrfport_ceLow
 .text.nrfport_powerUp
                0x0000000008008170       0x18 ./nrf24l01p/nrf24l01p_port.o
                0x0000000008008170                nrfport_powerUp
 .text.nrfport_powerDown
                0x0000000008008188       0x18 ./nrf24l01p/nrf24l01p_port.o
                0x0000000008008188                nrfport_powerDown
 .text.nrfport_getIRQ
                0x00000000080081a0       0x2c ./nrf24l01p/nrf24l01p_port.o
                0x00000000080081a0                nrfport_getIRQ
 .text.nrfport_spiTransaction_B
                0x00000000080081cc       0x54 ./nrf24l01p/nrf24l01p_port_B.o
                0x00000000080081cc                nrfport_spiTransaction_B
 .text.nrfport_writeByte_B
                0x0000000008008220       0x3e ./nrf24l01p/nrf24l01p_port_B.o
                0x0000000008008220                nrfport_writeByte_B
 .text.nrfport_readByte_B
                0x000000000800825e       0x30 ./nrf24l01p/nrf24l01p_port_B.o
                0x000000000800825e                nrfport_readByte_B
 *fill*         0x000000000800828e        0x2 
 .text.nrfport_ceHigh_B
                0x0000000008008290       0x18 ./nrf24l01p/nrf24l01p_port_B.o
                0x0000000008008290                nrfport_ceHigh_B
 .text.nrfport_ceLow_B
                0x00000000080082a8       0x18 ./nrf24l01p/nrf24l01p_port_B.o
                0x00000000080082a8                nrfport_ceLow_B
 .text.nrfport_powerUp_B
                0x00000000080082c0       0x18 ./nrf24l01p/nrf24l01p_port_B.o
                0x00000000080082c0                nrfport_powerUp_B
 .text.nrfport_powerDown_B
                0x00000000080082d8       0x18 ./nrf24l01p/nrf24l01p_port_B.o
                0x00000000080082d8                nrfport_powerDown_B
 .text.nrfport_getIRQ_B
                0x00000000080082f0       0x2c ./nrf24l01p/nrf24l01p_port_B.o
                0x00000000080082f0                nrfport_getIRQ_B
 .text.__errno  0x000000000800831c        0xc c:/st/stm32cubeide_1.8.0/stm32cubeide/plugins/com.st.stm32cube.ide.mcu.externaltools.gnu-tools-for-stm32.9-2020-q2-update.win32_2.0.0.202105311346/tools/bin/../lib/gcc/arm-none-eabi/9.3.1/../../../../arm-none-eabi/lib/thumb/v7e-m+dp/hard\libc_nano.a(lib_a-errno.o)
                0x000000000800831c                __errno
 .text.__libc_init_array
                0x0000000008008328       0x48 c:/st/stm32cubeide_1.8.0/stm32cubeide/plugins/com.st.stm32cube.ide.mcu.externaltools.gnu-tools-for-stm32.9-2020-q2-update.win32_2.0.0.202105311346/tools/bin/../lib/gcc/arm-none-eabi/9.3.1/../../../../arm-none-eabi/lib/thumb/v7e-m+dp/hard\libc_nano.a(lib_a-init.o)
                0x0000000008008328                __libc_init_array
 .text.memcpy   0x0000000008008370       0x1c c:/st/stm32cubeide_1.8.0/stm32cubeide/plugins/com.st.stm32cube.ide.mcu.externaltools.gnu-tools-for-stm32.9-2020-q2-update.win32_2.0.0.202105311346/tools/bin/../lib/gcc/arm-none-eabi/9.3.1/../../../../arm-none-eabi/lib/thumb/v7e-m+dp/hard\libc_nano.a(lib_a-memcpy-stub.o)
                0x0000000008008370                memcpy
 .text.memset   0x000000000800838c       0x10 c:/st/stm32cubeide_1.8.0/stm32cubeide/plugins/com.st.stm32cube.ide.mcu.externaltools.gnu-tools-for-stm32.9-2020-q2-update.win32_2.0.0.202105311346/tools/bin/../lib/gcc/arm-none-eabi/9.3.1/../../../../arm-none-eabi/lib/thumb/v7e-m+dp/hard\libc_nano.a(lib_a-memset.o)
                0x000000000800838c                memset
 .text.printf   0x000000000800839c       0x30 c:/st/stm32cubeide_1.8.0/stm32cubeide/plugins/com.st.stm32cube.ide.mcu.externaltools.gnu-tools-for-stm32.9-2020-q2-update.win32_2.0.0.202105311346/tools/bin/../lib/gcc/arm-none-eabi/9.3.1/../../../../arm-none-eabi/lib/thumb/v7e-m+dp/hard\libc_nano.a(lib_a-printf.o)
                0x000000000800839c                iprintf
                0x000000000800839c                printf
 .text._puts_r  0x00000000080083cc       0xdc c:/st/stm32cubeide_1.8.0/stm32cubeide/plugins/com.st.stm32cube.ide.mcu.externaltools.gnu-tools-for-stm32.9-2020-q2-update.win32_2.0.0.202105311346/tools/bin/../lib/gcc/arm-none-eabi/9.3.1/../../../../arm-none-eabi/lib/thumb/v7e-m+dp/hard\libc_nano.a(lib_a-puts.o)
                0x00000000080083cc                _puts_r
 .text.puts     0x00000000080084a8       0x10 c:/st/stm32cubeide_1.8.0/stm32cubeide/plugins/com.st.stm32cube.ide.mcu.externaltools.gnu-tools-for-stm32.9-2020-q2-update.win32_2.0.0.202105311346/tools/bin/../lib/gcc/arm-none-eabi/9.3.1/../../../../arm-none-eabi/lib/thumb/v7e-m+dp/hard\libc_nano.a(lib_a-puts.o)
                0x00000000080084a8                puts
 .text.sprintf  0x00000000080084b8       0x40 c:/st/stm32cubeide_1.8.0/stm32cubeide/plugins/com.st.stm32cube.ide.mcu.externaltools.gnu-tools-for-stm32.9-2020-q2-update.win32_2.0.0.202105311346/tools/bin/../lib/gcc/arm-none-eabi/9.3.1/../../../../arm-none-eabi/lib/thumb/v7e-m+dp/hard\libc_nano.a(lib_a-sprintf.o)
                0x00000000080084b8                siprintf
                0x00000000080084b8                sprintf
 .text.__swbuf_r
                0x00000000080084f8       0xa4 c:/st/stm32cubeide_1.8.0/stm32cubeide/plugins/com.st.stm32cube.ide.mcu.externaltools.gnu-tools-for-stm32.9-2020-q2-update.win32_2.0.0.202105311346/tools/bin/../lib/gcc/arm-none-eabi/9.3.1/../../../../arm-none-eabi/lib/thumb/v7e-m+dp/hard\libc_nano.a(lib_a-wbuf.o)
                0x00000000080084f8                __swbuf_r
 .text.__swsetup_r
                0x000000000800859c       0xdc c:/st/stm32cubeide_1.8.0/stm32cubeide/plugins/com.st.stm32cube.ide.mcu.externaltools.gnu-tools-for-stm32.9-2020-q2-update.win32_2.0.0.202105311346/tools/bin/../lib/gcc/arm-none-eabi/9.3.1/../../../../arm-none-eabi/lib/thumb/v7e-m+dp/hard\libc_nano.a(lib_a-wsetup.o)
                0x000000000800859c                __swsetup_r
 .text.__sflush_r
                0x0000000008008678      0x10c c:/st/stm32cubeide_1.8.0/stm32cubeide/plugins/com.st.stm32cube.ide.mcu.externaltools.gnu-tools-for-stm32.9-2020-q2-update.win32_2.0.0.202105311346/tools/bin/../lib/gcc/arm-none-eabi/9.3.1/../../../../arm-none-eabi/lib/thumb/v7e-m+dp/hard\libc_nano.a(lib_a-fflush.o)
                0x0000000008008678                __sflush_r
 .text._fflush_r
                0x0000000008008784       0x78 c:/st/stm32cubeide_1.8.0/stm32cubeide/plugins/com.st.stm32cube.ide.mcu.externaltools.gnu-tools-for-stm32.9-2020-q2-update.win32_2.0.0.202105311346/tools/bin/../lib/gcc/arm-none-eabi/9.3.1/../../../../arm-none-eabi/lib/thumb/v7e-m+dp/hard\libc_nano.a(lib_a-fflush.o)
                0x0000000008008784                _fflush_r
 .text.std      0x00000000080087fc       0x48 c:/st/stm32cubeide_1.8.0/stm32cubeide/plugins/com.st.stm32cube.ide.mcu.externaltools.gnu-tools-for-stm32.9-2020-q2-update.win32_2.0.0.202105311346/tools/bin/../lib/gcc/arm-none-eabi/9.3.1/../../../../arm-none-eabi/lib/thumb/v7e-m+dp/hard\libc_nano.a(lib_a-findfp.o)
 .text._cleanup_r
                0x0000000008008844        0xc c:/st/stm32cubeide_1.8.0/stm32cubeide/plugins/com.st.stm32cube.ide.mcu.externaltools.gnu-tools-for-stm32.9-2020-q2-update.win32_2.0.0.202105311346/tools/bin/../lib/gcc/arm-none-eabi/9.3.1/../../../../arm-none-eabi/lib/thumb/v7e-m+dp/hard\libc_nano.a(lib_a-findfp.o)
                0x0000000008008844                _cleanup_r
 .text.__sfmoreglue
                0x0000000008008850       0x2c c:/st/stm32cubeide_1.8.0/stm32cubeide/plugins/com.st.stm32cube.ide.mcu.externaltools.gnu-tools-for-stm32.9-2020-q2-update.win32_2.0.0.202105311346/tools/bin/../lib/gcc/arm-none-eabi/9.3.1/../../../../arm-none-eabi/lib/thumb/v7e-m+dp/hard\libc_nano.a(lib_a-findfp.o)
                0x0000000008008850                __sfmoreglue
 .text.__sfp_lock_acquire
                0x000000000800887c        0xc c:/st/stm32cubeide_1.8.0/stm32cubeide/plugins/com.st.stm32cube.ide.mcu.externaltools.gnu-tools-for-stm32.9-2020-q2-update.win32_2.0.0.202105311346/tools/bin/../lib/gcc/arm-none-eabi/9.3.1/../../../../arm-none-eabi/lib/thumb/v7e-m+dp/hard\libc_nano.a(lib_a-findfp.o)
                0x000000000800887c                __sfp_lock_acquire
 .text.__sfp_lock_release
                0x0000000008008888        0xc c:/st/stm32cubeide_1.8.0/stm32cubeide/plugins/com.st.stm32cube.ide.mcu.externaltools.gnu-tools-for-stm32.9-2020-q2-update.win32_2.0.0.202105311346/tools/bin/../lib/gcc/arm-none-eabi/9.3.1/../../../../arm-none-eabi/lib/thumb/v7e-m+dp/hard\libc_nano.a(lib_a-findfp.o)
                0x0000000008008888                __sfp_lock_release
 .text.__sinit_lock_acquire
                0x0000000008008894        0xc c:/st/stm32cubeide_1.8.0/stm32cubeide/plugins/com.st.stm32cube.ide.mcu.externaltools.gnu-tools-for-stm32.9-2020-q2-update.win32_2.0.0.202105311346/tools/bin/../lib/gcc/arm-none-eabi/9.3.1/../../../../arm-none-eabi/lib/thumb/v7e-m+dp/hard\libc_nano.a(lib_a-findfp.o)
                0x0000000008008894                __sinit_lock_acquire
 .text.__sinit_lock_release
                0x00000000080088a0        0xc c:/st/stm32cubeide_1.8.0/stm32cubeide/plugins/com.st.stm32cube.ide.mcu.externaltools.gnu-tools-for-stm32.9-2020-q2-update.win32_2.0.0.202105311346/tools/bin/../lib/gcc/arm-none-eabi/9.3.1/../../../../arm-none-eabi/lib/thumb/v7e-m+dp/hard\libc_nano.a(lib_a-findfp.o)
                0x00000000080088a0                __sinit_lock_release
 .text.__sinit  0x00000000080088ac       0x70 c:/st/stm32cubeide_1.8.0/stm32cubeide/plugins/com.st.stm32cube.ide.mcu.externaltools.gnu-tools-for-stm32.9-2020-q2-update.win32_2.0.0.202105311346/tools/bin/../lib/gcc/arm-none-eabi/9.3.1/../../../../arm-none-eabi/lib/thumb/v7e-m+dp/hard\libc_nano.a(lib_a-findfp.o)
                0x00000000080088ac                __sinit
 .text.__sfp    0x000000000800891c       0x8c c:/st/stm32cubeide_1.8.0/stm32cubeide/plugins/com.st.stm32cube.ide.mcu.externaltools.gnu-tools-for-stm32.9-2020-q2-update.win32_2.0.0.202105311346/tools/bin/../lib/gcc/arm-none-eabi/9.3.1/../../../../arm-none-eabi/lib/thumb/v7e-m+dp/hard\libc_nano.a(lib_a-findfp.o)
                0x000000000800891c                __sfp
 .text._fwalk_reent
                0x00000000080089a8       0x3e c:/st/stm32cubeide_1.8.0/stm32cubeide/plugins/com.st.stm32cube.ide.mcu.externaltools.gnu-tools-for-stm32.9-2020-q2-update.win32_2.0.0.202105311346/tools/bin/../lib/gcc/arm-none-eabi/9.3.1/../../../../arm-none-eabi/lib/thumb/v7e-m+dp/hard\libc_nano.a(lib_a-fwalk.o)
                0x00000000080089a8                _fwalk_reent
 .text.__retarget_lock_init_recursive
                0x00000000080089e6        0x2 c:/st/stm32cubeide_1.8.0/stm32cubeide/plugins/com.st.stm32cube.ide.mcu.externaltools.gnu-tools-for-stm32.9-2020-q2-update.win32_2.0.0.202105311346/tools/bin/../lib/gcc/arm-none-eabi/9.3.1/../../../../arm-none-eabi/lib/thumb/v7e-m+dp/hard\libc_nano.a(lib_a-lock.o)
                0x00000000080089e6                __retarget_lock_init_recursive
 .text.__retarget_lock_acquire_recursive
                0x00000000080089e8        0x2 c:/st/stm32cubeide_1.8.0/stm32cubeide/plugins/com.st.stm32cube.ide.mcu.externaltools.gnu-tools-for-stm32.9-2020-q2-update.win32_2.0.0.202105311346/tools/bin/../lib/gcc/arm-none-eabi/9.3.1/../../../../arm-none-eabi/lib/thumb/v7e-m+dp/hard\libc_nano.a(lib_a-lock.o)
                0x00000000080089e8                __retarget_lock_acquire_recursive
 .text.__retarget_lock_release_recursive
                0x00000000080089ea        0x2 c:/st/stm32cubeide_1.8.0/stm32cubeide/plugins/com.st.stm32cube.ide.mcu.externaltools.gnu-tools-for-stm32.9-2020-q2-update.win32_2.0.0.202105311346/tools/bin/../lib/gcc/arm-none-eabi/9.3.1/../../../../arm-none-eabi/lib/thumb/v7e-m+dp/hard\libc_nano.a(lib_a-lock.o)
                0x00000000080089ea                __retarget_lock_release_recursive
 .text.__swhatbuf_r
                0x00000000080089ec       0x48 c:/st/stm32cubeide_1.8.0/stm32cubeide/plugins/com.st.stm32cube.ide.mcu.externaltools.gnu-tools-for-stm32.9-2020-q2-update.win32_2.0.0.202105311346/tools/bin/../lib/gcc/arm-none-eabi/9.3.1/../../../../arm-none-eabi/lib/thumb/v7e-m+dp/hard\libc_nano.a(lib_a-makebuf.o)
                0x00000000080089ec                __swhatbuf_r
 .text.__smakebuf_r
                0x0000000008008a34       0x80 c:/st/stm32cubeide_1.8.0/stm32cubeide/plugins/com.st.stm32cube.ide.mcu.externaltools.gnu-tools-for-stm32.9-2020-q2-update.win32_2.0.0.202105311346/tools/bin/../lib/gcc/arm-none-eabi/9.3.1/../../../../arm-none-eabi/lib/thumb/v7e-m+dp/hard\libc_nano.a(lib_a-makebuf.o)
                0x0000000008008a34                __smakebuf_r
 .text._free_r  0x0000000008008ab4       0xa0 c:/st/stm32cubeide_1.8.0/stm32cubeide/plugins/com.st.stm32cube.ide.mcu.externaltools.gnu-tools-for-stm32.9-2020-q2-update.win32_2.0.0.202105311346/tools/bin/../lib/gcc/arm-none-eabi/9.3.1/../../../../arm-none-eabi/lib/thumb/v7e-m+dp/hard\libc_nano.a(lib_a-nano-freer.o)
                0x0000000008008ab4                _free_r
 .text._malloc_r
                0x0000000008008b54       0xb4 c:/st/stm32cubeide_1.8.0/stm32cubeide/plugins/com.st.stm32cube.ide.mcu.externaltools.gnu-tools-for-stm32.9-2020-q2-update.win32_2.0.0.202105311346/tools/bin/../lib/gcc/arm-none-eabi/9.3.1/../../../../arm-none-eabi/lib/thumb/v7e-m+dp/hard\libc_nano.a(lib_a-nano-mallocr.o)
                0x0000000008008b54                _malloc_r
 .text.__ssputs_r
                0x0000000008008c08       0xb6 c:/st/stm32cubeide_1.8.0/stm32cubeide/plugins/com.st.stm32cube.ide.mcu.externaltools.gnu-tools-for-stm32.9-2020-q2-update.win32_2.0.0.202105311346/tools/bin/../lib/gcc/arm-none-eabi/9.3.1/../../../../arm-none-eabi/lib/thumb/v7e-m+dp/hard\libc_nano.a(lib_a-nano-svfprintf.o)
                0x0000000008008c08                __ssputs_r
 *fill*         0x0000000008008cbe        0x2 
 .text._svfprintf_r
                0x0000000008008cc0      0x200 c:/st/stm32cubeide_1.8.0/stm32cubeide/plugins/com.st.stm32cube.ide.mcu.externaltools.gnu-tools-for-stm32.9-2020-q2-update.win32_2.0.0.202105311346/tools/bin/../lib/gcc/arm-none-eabi/9.3.1/../../../../arm-none-eabi/lib/thumb/v7e-m+dp/hard\libc_nano.a(lib_a-nano-svfprintf.o)
                0x0000000008008cc0                _svfiprintf_r
                0x0000000008008cc0                _svfprintf_r
 .text.__sfputc_r
                0x0000000008008ec0       0x2e c:/st/stm32cubeide_1.8.0/stm32cubeide/plugins/com.st.stm32cube.ide.mcu.externaltools.gnu-tools-for-stm32.9-2020-q2-update.win32_2.0.0.202105311346/tools/bin/../lib/gcc/arm-none-eabi/9.3.1/../../../../arm-none-eabi/lib/thumb/v7e-m+dp/hard\libc_nano.a(lib_a-nano-vfprintf.o)
 .text.__sfputs_r
                0x0000000008008eee       0x24 c:/st/stm32cubeide_1.8.0/stm32cubeide/plugins/com.st.stm32cube.ide.mcu.externaltools.gnu-tools-for-stm32.9-2020-q2-update.win32_2.0.0.202105311346/tools/bin/../lib/gcc/arm-none-eabi/9.3.1/../../../../arm-none-eabi/lib/thumb/v7e-m+dp/hard\libc_nano.a(lib_a-nano-vfprintf.o)
                0x0000000008008eee                __sfputs_r
 *fill*         0x0000000008008f12        0x2 
 .text._vfprintf_r
                0x0000000008008f14      0x260 c:/st/stm32cubeide_1.8.0/stm32cubeide/plugins/com.st.stm32cube.ide.mcu.externaltools.gnu-tools-for-stm32.9-2020-q2-update.win32_2.0.0.202105311346/tools/bin/../lib/gcc/arm-none-eabi/9.3.1/../../../../arm-none-eabi/lib/thumb/v7e-m+dp/hard\libc_nano.a(lib_a-nano-vfprintf.o)
                0x0000000008008f14                _vfprintf_r
                0x0000000008008f14                _vfiprintf_r
 .text._printf_common
                0x0000000008009174       0xda c:/st/stm32cubeide_1.8.0/stm32cubeide/plugins/com.st.stm32cube.ide.mcu.externaltools.gnu-tools-for-stm32.9-2020-q2-update.win32_2.0.0.202105311346/tools/bin/../lib/gcc/arm-none-eabi/9.3.1/../../../../arm-none-eabi/lib/thumb/v7e-m+dp/hard\libc_nano.a(lib_a-nano-vfprintf_i.o)
                0x0000000008009174                _printf_common
 *fill*         0x000000000800924e        0x2 
 .text._printf_i
                0x0000000008009250      0x24c c:/st/stm32cubeide_1.8.0/stm32cubeide/plugins/com.st.stm32cube.ide.mcu.externaltools.gnu-tools-for-stm32.9-2020-q2-update.win32_2.0.0.202105311346/tools/bin/../lib/gcc/arm-none-eabi/9.3.1/../../../../arm-none-eabi/lib/thumb/v7e-m+dp/hard\libc_nano.a(lib_a-nano-vfprintf_i.o)
                0x0000000008009250                _printf_i
 .text._sbrk_r  0x000000000800949c       0x20 c:/st/stm32cubeide_1.8.0/stm32cubeide/plugins/com.st.stm32cube.ide.mcu.externaltools.gnu-tools-for-stm32.9-2020-q2-update.win32_2.0.0.202105311346/tools/bin/../lib/gcc/arm-none-eabi/9.3.1/../../../../arm-none-eabi/lib/thumb/v7e-m+dp/hard\libc_nano.a(lib_a-sbrkr.o)
                0x000000000800949c                _sbrk_r
 .text.__sread  0x00000000080094bc       0x22 c:/st/stm32cubeide_1.8.0/stm32cubeide/plugins/com.st.stm32cube.ide.mcu.externaltools.gnu-tools-for-stm32.9-2020-q2-update.win32_2.0.0.202105311346/tools/bin/../lib/gcc/arm-none-eabi/9.3.1/../../../../arm-none-eabi/lib/thumb/v7e-m+dp/hard\libc_nano.a(lib_a-stdio.o)
                0x00000000080094bc                __sread
 .text.__swrite
                0x00000000080094de       0x38 c:/st/stm32cubeide_1.8.0/stm32cubeide/plugins/com.st.stm32cube.ide.mcu.externaltools.gnu-tools-for-stm32.9-2020-q2-update.win32_2.0.0.202105311346/tools/bin/../lib/gcc/arm-none-eabi/9.3.1/../../../../arm-none-eabi/lib/thumb/v7e-m+dp/hard\libc_nano.a(lib_a-stdio.o)
                0x00000000080094de                __swrite
 .text.__sseek  0x0000000008009516       0x24 c:/st/stm32cubeide_1.8.0/stm32cubeide/plugins/com.st.stm32cube.ide.mcu.externaltools.gnu-tools-for-stm32.9-2020-q2-update.win32_2.0.0.202105311346/tools/bin/../lib/gcc/arm-none-eabi/9.3.1/../../../../arm-none-eabi/lib/thumb/v7e-m+dp/hard\libc_nano.a(lib_a-stdio.o)
                0x0000000008009516                __sseek
 .text.__sclose
                0x000000000800953a        0x8 c:/st/stm32cubeide_1.8.0/stm32cubeide/plugins/com.st.stm32cube.ide.mcu.externaltools.gnu-tools-for-stm32.9-2020-q2-update.win32_2.0.0.202105311346/tools/bin/../lib/gcc/arm-none-eabi/9.3.1/../../../../arm-none-eabi/lib/thumb/v7e-m+dp/hard\libc_nano.a(lib_a-stdio.o)
                0x000000000800953a                __sclose
 *fill*         0x0000000008009542        0x2 
 .text._write_r
                0x0000000008009544       0x24 c:/st/stm32cubeide_1.8.0/stm32cubeide/plugins/com.st.stm32cube.ide.mcu.externaltools.gnu-tools-for-stm32.9-2020-q2-update.win32_2.0.0.202105311346/tools/bin/../lib/gcc/arm-none-eabi/9.3.1/../../../../arm-none-eabi/lib/thumb/v7e-m+dp/hard\libc_nano.a(lib_a-writer.o)
                0x0000000008009544                _write_r
 .text._close_r
                0x0000000008009568       0x20 c:/st/stm32cubeide_1.8.0/stm32cubeide/plugins/com.st.stm32cube.ide.mcu.externaltools.gnu-tools-for-stm32.9-2020-q2-update.win32_2.0.0.202105311346/tools/bin/../lib/gcc/arm-none-eabi/9.3.1/../../../../arm-none-eabi/lib/thumb/v7e-m+dp/hard\libc_nano.a(lib_a-closer.o)
                0x0000000008009568                _close_r
 .text._fstat_r
                0x0000000008009588       0x24 c:/st/stm32cubeide_1.8.0/stm32cubeide/plugins/com.st.stm32cube.ide.mcu.externaltools.gnu-tools-for-stm32.9-2020-q2-update.win32_2.0.0.202105311346/tools/bin/../lib/gcc/arm-none-eabi/9.3.1/../../../../arm-none-eabi/lib/thumb/v7e-m+dp/hard\libc_nano.a(lib_a-fstatr.o)
                0x0000000008009588                _fstat_r
 .text._isatty_r
                0x00000000080095ac       0x20 c:/st/stm32cubeide_1.8.0/stm32cubeide/plugins/com.st.stm32cube.ide.mcu.externaltools.gnu-tools-for-stm32.9-2020-q2-update.win32_2.0.0.202105311346/tools/bin/../lib/gcc/arm-none-eabi/9.3.1/../../../../arm-none-eabi/lib/thumb/v7e-m+dp/hard\libc_nano.a(lib_a-isattyr.o)
                0x00000000080095ac                _isatty_r
 .text._lseek_r
                0x00000000080095cc       0x24 c:/st/stm32cubeide_1.8.0/stm32cubeide/plugins/com.st.stm32cube.ide.mcu.externaltools.gnu-tools-for-stm32.9-2020-q2-update.win32_2.0.0.202105311346/tools/bin/../lib/gcc/arm-none-eabi/9.3.1/../../../../arm-none-eabi/lib/thumb/v7e-m+dp/hard\libc_nano.a(lib_a-lseekr.o)
                0x00000000080095cc                _lseek_r
 .text.memmove  0x00000000080095f0       0x34 c:/st/stm32cubeide_1.8.0/stm32cubeide/plugins/com.st.stm32cube.ide.mcu.externaltools.gnu-tools-for-stm32.9-2020-q2-update.win32_2.0.0.202105311346/tools/bin/../lib/gcc/arm-none-eabi/9.3.1/../../../../arm-none-eabi/lib/thumb/v7e-m+dp/hard\libc_nano.a(lib_a-memmove.o)
                0x00000000080095f0                memmove
 .text.__malloc_lock
                0x0000000008009624        0xc c:/st/stm32cubeide_1.8.0/stm32cubeide/plugins/com.st.stm32cube.ide.mcu.externaltools.gnu-tools-for-stm32.9-2020-q2-update.win32_2.0.0.202105311346/tools/bin/../lib/gcc/arm-none-eabi/9.3.1/../../../../arm-none-eabi/lib/thumb/v7e-m+dp/hard\libc_nano.a(lib_a-mlock.o)
                0x0000000008009624                __malloc_lock
 .text.__malloc_unlock
                0x0000000008009630        0xc c:/st/stm32cubeide_1.8.0/stm32cubeide/plugins/com.st.stm32cube.ide.mcu.externaltools.gnu-tools-for-stm32.9-2020-q2-update.win32_2.0.0.202105311346/tools/bin/../lib/gcc/arm-none-eabi/9.3.1/../../../../arm-none-eabi/lib/thumb/v7e-m+dp/hard\libc_nano.a(lib_a-mlock.o)
                0x0000000008009630                __malloc_unlock
 .text._realloc_r
                0x000000000800963c       0x4c c:/st/stm32cubeide_1.8.0/stm32cubeide/plugins/com.st.stm32cube.ide.mcu.externaltools.gnu-tools-for-stm32.9-2020-q2-update.win32_2.0.0.202105311346/tools/bin/../lib/gcc/arm-none-eabi/9.3.1/../../../../arm-none-eabi/lib/thumb/v7e-m+dp/hard\libc_nano.a(lib_a-nano-reallocr.o)
                0x000000000800963c                _realloc_r
 .text._read_r  0x0000000008009688       0x24 c:/st/stm32cubeide_1.8.0/stm32cubeide/plugins/com.st.stm32cube.ide.mcu.externaltools.gnu-tools-for-stm32.9-2020-q2-update.win32_2.0.0.202105311346/tools/bin/../lib/gcc/arm-none-eabi/9.3.1/../../../../arm-none-eabi/lib/thumb/v7e-m+dp/hard\libc_nano.a(lib_a-readr.o)
                0x0000000008009688                _read_r
 .text._malloc_usable_size_r
                0x00000000080096ac       0x10 c:/st/stm32cubeide_1.8.0/stm32cubeide/plugins/com.st.stm32cube.ide.mcu.externaltools.gnu-tools-for-stm32.9-2020-q2-update.win32_2.0.0.202105311346/tools/bin/../lib/gcc/arm-none-eabi/9.3.1/../../../../arm-none-eabi/lib/thumb/v7e-m+dp/hard\libc_nano.a(lib_a-nano-msizer.o)
                0x00000000080096ac                _malloc_usable_size_r
 *(.glue_7)
 .glue_7        0x00000000080096bc        0x0 linker stubs
 *(.glue_7t)
 .glue_7t       0x00000000080096bc        0x0 linker stubs
 *(.eh_frame)
 .eh_frame      0x00000000080096bc        0x0 c:/st/stm32cubeide_1.8.0/stm32cubeide/plugins/com.st.stm32cube.ide.mcu.externaltools.gnu-tools-for-stm32.9-2020-q2-update.win32_2.0.0.202105311346/tools/bin/../lib/gcc/arm-none-eabi/9.3.1/thumb/v7e-m+dp/hard/crtbegin.o
 *(.init)
 .init          0x00000000080096bc        0x4 c:/st/stm32cubeide_1.8.0/stm32cubeide/plugins/com.st.stm32cube.ide.mcu.externaltools.gnu-tools-for-stm32.9-2020-q2-update.win32_2.0.0.202105311346/tools/bin/../lib/gcc/arm-none-eabi/9.3.1/thumb/v7e-m+dp/hard/crti.o
                0x00000000080096bc                _init
 .init          0x00000000080096c0        0x8 c:/st/stm32cubeide_1.8.0/stm32cubeide/plugins/com.st.stm32cube.ide.mcu.externaltools.gnu-tools-for-stm32.9-2020-q2-update.win32_2.0.0.202105311346/tools/bin/../lib/gcc/arm-none-eabi/9.3.1/thumb/v7e-m+dp/hard/crtn.o
 *(.fini)
 .fini          0x00000000080096c8        0x4 c:/st/stm32cubeide_1.8.0/stm32cubeide/plugins/com.st.stm32cube.ide.mcu.externaltools.gnu-tools-for-stm32.9-2020-q2-update.win32_2.0.0.202105311346/tools/bin/../lib/gcc/arm-none-eabi/9.3.1/thumb/v7e-m+dp/hard/crti.o
                0x00000000080096c8                _fini
 .fini          0x00000000080096cc        0x8 c:/st/stm32cubeide_1.8.0/stm32cubeide/plugins/com.st.stm32cube.ide.mcu.externaltools.gnu-tools-for-stm32.9-2020-q2-update.win32_2.0.0.202105311346/tools/bin/../lib/gcc/arm-none-eabi/9.3.1/thumb/v7e-m+dp/hard/crtn.o
                0x00000000080096d4                . = ALIGN (0x4)
                0x00000000080096d4                _etext = .

.vfp11_veneer   0x00000000080096d4        0x0
 .vfp11_veneer  0x00000000080096d4        0x0 linker stubs

.v4_bx          0x00000000080096d4        0x0
 .v4_bx         0x00000000080096d4        0x0 linker stubs

.iplt           0x00000000080096d4        0x0
 .iplt          0x00000000080096d4        0x0 c:/st/stm32cubeide_1.8.0/stm32cubeide/plugins/com.st.stm32cube.ide.mcu.externaltools.gnu-tools-for-stm32.9-2020-q2-update.win32_2.0.0.202105311346/tools/bin/../lib/gcc/arm-none-eabi/9.3.1/thumb/v7e-m+dp/hard/crtbegin.o

.rodata         0x00000000080096d4      0x108
                0x00000000080096d4                . = ALIGN (0x4)
 *(.rodata)
 .rodata        0x00000000080096d4       0x3d ./Core/Src/main.o
 *fill*         0x0000000008009711        0x3 
 .rodata        0x0000000008009714        0x5 ./nrf24l01p/nrf24l01p_driver.o
 *fill*         0x0000000008009719        0x3 
 .rodata        0x000000000800971c        0x5 ./nrf24l01p/nrf24l01p_driver_B.o
 *(.rodata*)
 *fill*         0x0000000008009721        0x3 
 .rodata.AHBPrescTable
                0x0000000008009724       0x10 ./Core/Src/system_stm32f7xx.o
                0x0000000008009724                AHBPrescTable
 .rodata.APBPrescTable
                0x0000000008009734        0x8 ./Core/Src/system_stm32f7xx.o
                0x0000000008009734                APBPrescTable
 .rodata.flagBitshiftOffset.9658
                0x000000000800973c        0x8 ./Drivers/STM32F7xx_HAL_Driver/Src/stm32f7xx_hal_dma.o
 .rodata._global_impure_ptr
                0x0000000008009744        0x4 c:/st/stm32cubeide_1.8.0/stm32cubeide/plugins/com.st.stm32cube.ide.mcu.externaltools.gnu-tools-for-stm32.9-2020-q2-update.win32_2.0.0.202105311346/tools/bin/../lib/gcc/arm-none-eabi/9.3.1/../../../../arm-none-eabi/lib/thumb/v7e-m+dp/hard\libc_nano.a(lib_a-impure.o)
                0x0000000008009744                _global_impure_ptr
 .rodata.__sf_fake_stderr
                0x0000000008009748       0x20 c:/st/stm32cubeide_1.8.0/stm32cubeide/plugins/com.st.stm32cube.ide.mcu.externaltools.gnu-tools-for-stm32.9-2020-q2-update.win32_2.0.0.202105311346/tools/bin/../lib/gcc/arm-none-eabi/9.3.1/../../../../arm-none-eabi/lib/thumb/v7e-m+dp/hard\libc_nano.a(lib_a-findfp.o)
                0x0000000008009748                __sf_fake_stderr
 .rodata.__sf_fake_stdin
                0x0000000008009768       0x20 c:/st/stm32cubeide_1.8.0/stm32cubeide/plugins/com.st.stm32cube.ide.mcu.externaltools.gnu-tools-for-stm32.9-2020-q2-update.win32_2.0.0.202105311346/tools/bin/../lib/gcc/arm-none-eabi/9.3.1/../../../../arm-none-eabi/lib/thumb/v7e-m+dp/hard\libc_nano.a(lib_a-findfp.o)
                0x0000000008009768                __sf_fake_stdin
 .rodata.__sf_fake_stdout
                0x0000000008009788       0x20 c:/st/stm32cubeide_1.8.0/stm32cubeide/plugins/com.st.stm32cube.ide.mcu.externaltools.gnu-tools-for-stm32.9-2020-q2-update.win32_2.0.0.202105311346/tools/bin/../lib/gcc/arm-none-eabi/9.3.1/../../../../arm-none-eabi/lib/thumb/v7e-m+dp/hard\libc_nano.a(lib_a-findfp.o)
                0x0000000008009788                __sf_fake_stdout
 .rodata._svfprintf_r.str1.1
                0x00000000080097a8       0x11 c:/st/stm32cubeide_1.8.0/stm32cubeide/plugins/com.st.stm32cube.ide.mcu.externaltools.gnu-tools-for-stm32.9-2020-q2-update.win32_2.0.0.202105311346/tools/bin/../lib/gcc/arm-none-eabi/9.3.1/../../../../arm-none-eabi/lib/thumb/v7e-m+dp/hard\libc_nano.a(lib_a-nano-svfprintf.o)
 .rodata._vfprintf_r.str1.1
                0x00000000080097b9       0x11 c:/st/stm32cubeide_1.8.0/stm32cubeide/plugins/com.st.stm32cube.ide.mcu.externaltools.gnu-tools-for-stm32.9-2020-q2-update.win32_2.0.0.202105311346/tools/bin/../lib/gcc/arm-none-eabi/9.3.1/../../../../arm-none-eabi/lib/thumb/v7e-m+dp/hard\libc_nano.a(lib_a-nano-vfprintf.o)
 .rodata._printf_i.str1.1
                0x00000000080097b9       0x22 c:/st/stm32cubeide_1.8.0/stm32cubeide/plugins/com.st.stm32cube.ide.mcu.externaltools.gnu-tools-for-stm32.9-2020-q2-update.win32_2.0.0.202105311346/tools/bin/../lib/gcc/arm-none-eabi/9.3.1/../../../../arm-none-eabi/lib/thumb/v7e-m+dp/hard\libc_nano.a(lib_a-nano-vfprintf_i.o)
                0x00000000080097dc                . = ALIGN (0x4)
 *fill*         0x00000000080097db        0x1 

.ARM.extab      0x00000000080097dc        0x0
                0x00000000080097dc                . = ALIGN (0x4)
 *(.ARM.extab* .gnu.linkonce.armextab.*)
                0x00000000080097dc                . = ALIGN (0x4)

.ARM            0x00000000080097dc        0x8
                0x00000000080097dc                . = ALIGN (0x4)
                0x00000000080097dc                __exidx_start = .
 *(.ARM.exidx*)
 .ARM.exidx     0x00000000080097dc        0x8 c:/st/stm32cubeide_1.8.0/stm32cubeide/plugins/com.st.stm32cube.ide.mcu.externaltools.gnu-tools-for-stm32.9-2020-q2-update.win32_2.0.0.202105311346/tools/bin/../lib/gcc/arm-none-eabi/9.3.1/thumb/v7e-m+dp/hard\libgcc.a(_udivmoddi4.o)
                0x00000000080097e4                __exidx_end = .
                0x00000000080097e4                . = ALIGN (0x4)

.rel.dyn        0x00000000080097e4        0x0
 .rel.iplt      0x00000000080097e4        0x0 c:/st/stm32cubeide_1.8.0/stm32cubeide/plugins/com.st.stm32cube.ide.mcu.externaltools.gnu-tools-for-stm32.9-2020-q2-update.win32_2.0.0.202105311346/tools/bin/../lib/gcc/arm-none-eabi/9.3.1/thumb/v7e-m+dp/hard/crtbegin.o

.preinit_array  0x00000000080097e4        0x0
                0x00000000080097e4                . = ALIGN (0x4)
                0x00000000080097e4                PROVIDE (__preinit_array_start = .)
 *(.preinit_array*)
                0x00000000080097e4                PROVIDE (__preinit_array_end = .)
                0x00000000080097e4                . = ALIGN (0x4)

.init_array     0x00000000080097e4        0x4
                0x00000000080097e4                . = ALIGN (0x4)
                0x00000000080097e4                PROVIDE (__init_array_start = .)
 *(SORT_BY_NAME(.init_array.*))
 *(.init_array*)
 .init_array    0x00000000080097e4        0x4 c:/st/stm32cubeide_1.8.0/stm32cubeide/plugins/com.st.stm32cube.ide.mcu.externaltools.gnu-tools-for-stm32.9-2020-q2-update.win32_2.0.0.202105311346/tools/bin/../lib/gcc/arm-none-eabi/9.3.1/thumb/v7e-m+dp/hard/crtbegin.o
                0x00000000080097e8                PROVIDE (__init_array_end = .)
                0x00000000080097e8                . = ALIGN (0x4)

.fini_array     0x00000000080097e8        0x4
                0x00000000080097e8                . = ALIGN (0x4)
                [!provide]                        PROVIDE (__fini_array_start = .)
 *(SORT_BY_NAME(.fini_array.*))
 *(.fini_array*)
 .fini_array    0x00000000080097e8        0x4 c:/st/stm32cubeide_1.8.0/stm32cubeide/plugins/com.st.stm32cube.ide.mcu.externaltools.gnu-tools-for-stm32.9-2020-q2-update.win32_2.0.0.202105311346/tools/bin/../lib/gcc/arm-none-eabi/9.3.1/thumb/v7e-m+dp/hard/crtbegin.o
                [!provide]                        PROVIDE (__fini_array_end = .)
                0x00000000080097ec                . = ALIGN (0x4)
                0x00000000080097ec                _sidata = LOADADDR (.data)

.data           0x0000000020000000       0x70 load address 0x00000000080097ec
                0x0000000020000000                . = ALIGN (0x4)
                0x0000000020000000                _sdata = .
 *(.data)
 *(.data*)
 .data.SystemCoreClock
                0x0000000020000000        0x4 ./Core/Src/system_stm32f7xx.o
                0x0000000020000000                SystemCoreClock
 .data.uwTickPrio
                0x0000000020000004        0x4 ./Drivers/STM32F7xx_HAL_Driver/Src/stm32f7xx_hal.o
                0x0000000020000004                uwTickPrio
 .data.uwTickFreq
                0x0000000020000008        0x1 ./Drivers/STM32F7xx_HAL_Driver/Src/stm32f7xx_hal.o
                0x0000000020000008                uwTickFreq
 *fill*         0x0000000020000009        0x3 
 .data._impure_ptr
                0x000000002000000c        0x4 c:/st/stm32cubeide_1.8.0/stm32cubeide/plugins/com.st.stm32cube.ide.mcu.externaltools.gnu-tools-for-stm32.9-2020-q2-update.win32_2.0.0.202105311346/tools/bin/../lib/gcc/arm-none-eabi/9.3.1/../../../../arm-none-eabi/lib/thumb/v7e-m+dp/hard\libc_nano.a(lib_a-impure.o)
                0x000000002000000c                _impure_ptr
 .data.impure_data
                0x0000000020000010       0x60 c:/st/stm32cubeide_1.8.0/stm32cubeide/plugins/com.st.stm32cube.ide.mcu.externaltools.gnu-tools-for-stm32.9-2020-q2-update.win32_2.0.0.202105311346/tools/bin/../lib/gcc/arm-none-eabi/9.3.1/../../../../arm-none-eabi/lib/thumb/v7e-m+dp/hard\libc_nano.a(lib_a-impure.o)
 *(.RamFunc)
 *(.RamFunc*)
                0x0000000020000070                . = ALIGN (0x4)
                0x0000000020000070                _edata = .

.igot.plt       0x0000000020000070        0x0 load address 0x000000000800985c
 .igot.plt      0x0000000020000070        0x0 c:/st/stm32cubeide_1.8.0/stm32cubeide/plugins/com.st.stm32cube.ide.mcu.externaltools.gnu-tools-for-stm32.9-2020-q2-update.win32_2.0.0.202105311346/tools/bin/../lib/gcc/arm-none-eabi/9.3.1/thumb/v7e-m+dp/hard/crtbegin.o
                0x0000000020000070                . = ALIGN (0x4)

.bss            0x0000000020000070      0x490 load address 0x000000000800985c
                0x0000000020000070                _sbss = .
                0x0000000020000070                __bss_start__ = _sbss
 *(.bss)
 .bss           0x0000000020000070       0x1c c:/st/stm32cubeide_1.8.0/stm32cubeide/plugins/com.st.stm32cube.ide.mcu.externaltools.gnu-tools-for-stm32.9-2020-q2-update.win32_2.0.0.202105311346/tools/bin/../lib/gcc/arm-none-eabi/9.3.1/thumb/v7e-m+dp/hard/crtbegin.o
 *(.bss*)
 .bss.MACAddr.9547
                0x000000002000008c        0x6 ./Core/Src/eth.o
 *fill*         0x0000000020000092        0x2 
 .bss.__sbrk_heap_end
                0x0000000020000094        0x4 ./Core/Src/sysmem.o
 .bss.__malloc_free_list
                0x0000000020000098        0x4 c:/st/stm32cubeide_1.8.0/stm32cubeide/plugins/com.st.stm32cube.ide.mcu.externaltools.gnu-tools-for-stm32.9-2020-q2-update.win32_2.0.0.202105311346/tools/bin/../lib/gcc/arm-none-eabi/9.3.1/../../../../arm-none-eabi/lib/thumb/v7e-m+dp/hard\libc_nano.a(lib_a-nano-mallocr.o)
                0x0000000020000098                __malloc_free_list
 .bss.__malloc_sbrk_start
                0x000000002000009c        0x4 c:/st/stm32cubeide_1.8.0/stm32cubeide/plugins/com.st.stm32cube.ide.mcu.externaltools.gnu-tools-for-stm32.9-2020-q2-update.win32_2.0.0.202105311346/tools/bin/../lib/gcc/arm-none-eabi/9.3.1/../../../../arm-none-eabi/lib/thumb/v7e-m+dp/hard\libc_nano.a(lib_a-nano-mallocr.o)
                0x000000002000009c                __malloc_sbrk_start
 *(COMMON)
 COMMON         0x00000000200000a0       0xa8 ./Core/Src/adc.o
                0x00000000200000a0                hadc1
                0x00000000200000e8                hdma_adc1
 COMMON         0x0000000020000148       0x14 ./Core/Src/dac.o
                0x0000000020000148                hdac
 COMMON         0x000000002000015c       0x48 ./Core/Src/eth.o
                0x000000002000015c                heth
 COMMON         0x00000000200001a4       0x98 ./Core/Src/i2c.o
                0x00000000200001a4                hi2c4
                0x00000000200001f0                hi2c2
 COMMON         0x000000002000023c       0x64 ./Core/Src/spi.o
                0x000000002000023c                hspi3
 COMMON         0x00000000200002a0       0xe4 ./Core/Src/tim.o
                0x00000000200002a0                htim3
                0x00000000200002ec                htim9
                0x0000000020000338                htim2
 COMMON         0x0000000020000384      0x168 ./Core/Src/usart.o
                0x0000000020000384                huart7
                0x0000000020000408                huart3
                0x000000002000048c                hdma_uart7_rx
 COMMON         0x00000000200004ec        0x4 ./Drivers/STM32F7xx_HAL_Driver/Src/stm32f7xx_hal.o
                0x00000000200004ec                uwTick
 COMMON         0x00000000200004f0        0x9 c:/st/stm32cubeide_1.8.0/stm32cubeide/plugins/com.st.stm32cube.ide.mcu.externaltools.gnu-tools-for-stm32.9-2020-q2-update.win32_2.0.0.202105311346/tools/bin/../lib/gcc/arm-none-eabi/9.3.1/../../../../arm-none-eabi/lib/thumb/v7e-m+dp/hard\libc_nano.a(lib_a-lock.o)
                0x00000000200004f0                __lock___atexit_recursive_mutex
                0x00000000200004f1                __lock___arc4random_mutex
                0x00000000200004f2                __lock___env_recursive_mutex
                0x00000000200004f3                __lock___sinit_recursive_mutex
                0x00000000200004f4                __lock___malloc_recursive_mutex
                0x00000000200004f5                __lock___at_quick_exit_mutex
                0x00000000200004f6                __lock___dd_hash_mutex
                0x00000000200004f7                __lock___tz_mutex
                0x00000000200004f8                __lock___sfp_recursive_mutex
 *fill*         0x00000000200004f9        0x3 
 COMMON         0x00000000200004fc        0x4 c:/st/stm32cubeide_1.8.0/stm32cubeide/plugins/com.st.stm32cube.ide.mcu.externaltools.gnu-tools-for-stm32.9-2020-q2-update.win32_2.0.0.202105311346/tools/bin/../lib/gcc/arm-none-eabi/9.3.1/../../../../arm-none-eabi/lib/thumb/v7e-m+dp/hard\libc_nano.a(lib_a-reent.o)
                0x00000000200004fc                errno
                0x0000000020000500                . = ALIGN (0x4)
                0x0000000020000500                _ebss = .
                0x0000000020000500                __bss_end__ = _ebss

._user_heap_stack
                0x0000000020000500      0x600 load address 0x000000000800985c
                0x0000000020000500                . = ALIGN (0x8)
                [!provide]                        PROVIDE (end = .)
                0x0000000020000500                PROVIDE (_end = .)
                0x0000000020000700                . = (. + _Min_Heap_Size)
 *fill*         0x0000000020000500      0x200 
                0x0000000020000b00                . = (. + _Min_Stack_Size)
 *fill*         0x0000000020000700      0x400 
                0x0000000020000b00                . = ALIGN (0x8)

/DISCARD/
 libc.a(*)
 libm.a(*)
 libgcc.a(*)

.ARM.attributes
                0x0000000000000000       0x2e
 *(.ARM.attributes)
 .ARM.attributes
                0x0000000000000000       0x1e c:/st/stm32cubeide_1.8.0/stm32cubeide/plugins/com.st.stm32cube.ide.mcu.externaltools.gnu-tools-for-stm32.9-2020-q2-update.win32_2.0.0.202105311346/tools/bin/../lib/gcc/arm-none-eabi/9.3.1/thumb/v7e-m+dp/hard/crti.o
 .ARM.attributes
                0x000000000000001e       0x32 c:/st/stm32cubeide_1.8.0/stm32cubeide/plugins/com.st.stm32cube.ide.mcu.externaltools.gnu-tools-for-stm32.9-2020-q2-update.win32_2.0.0.202105311346/tools/bin/../lib/gcc/arm-none-eabi/9.3.1/thumb/v7e-m+dp/hard/crtbegin.o
 .ARM.attributes
                0x0000000000000050       0x32 ./Core/Src/adc.o
 .ARM.attributes
                0x0000000000000082       0x32 ./Core/Src/dac.o
 .ARM.attributes
                0x00000000000000b4       0x32 ./Core/Src/dma.o
 .ARM.attributes
                0x00000000000000e6       0x32 ./Core/Src/eth.o
 .ARM.attributes
                0x0000000000000118       0x32 ./Core/Src/gpio.o
 .ARM.attributes
                0x000000000000014a       0x32 ./Core/Src/i2c.o
 .ARM.attributes
                0x000000000000017c       0x32 ./Core/Src/main.o
 .ARM.attributes
                0x00000000000001ae       0x32 ./Core/Src/spi.o
 .ARM.attributes
                0x00000000000001e0       0x32 ./Core/Src/stm32f7xx_hal_msp.o
 .ARM.attributes
                0x0000000000000212       0x32 ./Core/Src/stm32f7xx_it.o
 .ARM.attributes
                0x0000000000000244       0x32 ./Core/Src/syscalls.o
 .ARM.attributes
                0x0000000000000276       0x32 ./Core/Src/sysmem.o
 .ARM.attributes
                0x00000000000002a8       0x32 ./Core/Src/system_stm32f7xx.o
 .ARM.attributes
                0x00000000000002da       0x32 ./Core/Src/tim.o
 .ARM.attributes
                0x000000000000030c       0x32 ./Core/Src/usart.o
 .ARM.attributes
                0x000000000000033e       0x32 ./Core/Src/usb_otg.o
 .ARM.attributes
                0x0000000000000370       0x21 ./Core/Startup/startup_stm32f767zitx.o
 .ARM.attributes
                0x0000000000000391       0x32 ./Drivers/STM32F7xx_HAL_Driver/Src/stm32f7xx_hal.o
 .ARM.attributes
                0x00000000000003c3       0x32 ./Drivers/STM32F7xx_HAL_Driver/Src/stm32f7xx_hal_adc.o
 .ARM.attributes
                0x00000000000003f5       0x32 ./Drivers/STM32F7xx_HAL_Driver/Src/stm32f7xx_hal_cortex.o
 .ARM.attributes
                0x0000000000000427       0x32 ./Drivers/STM32F7xx_HAL_Driver/Src/stm32f7xx_hal_dac.o
 .ARM.attributes
                0x0000000000000459       0x32 ./Drivers/STM32F7xx_HAL_Driver/Src/stm32f7xx_hal_dma.o
 .ARM.attributes
                0x000000000000048b       0x32 ./Drivers/STM32F7xx_HAL_Driver/Src/stm32f7xx_hal_eth.o
 .ARM.attributes
                0x00000000000004bd       0x32 ./Drivers/STM32F7xx_HAL_Driver/Src/stm32f7xx_hal_gpio.o
 .ARM.attributes
                0x00000000000004ef       0x32 ./Drivers/STM32F7xx_HAL_Driver/Src/stm32f7xx_hal_i2c.o
 .ARM.attributes
                0x0000000000000521       0x32 ./Drivers/STM32F7xx_HAL_Driver/Src/stm32f7xx_hal_i2c_ex.o
 .ARM.attributes
                0x0000000000000553       0x32 ./Drivers/STM32F7xx_HAL_Driver/Src/stm32f7xx_hal_pwr.o
 .ARM.attributes
                0x0000000000000585       0x32 ./Drivers/STM32F7xx_HAL_Driver/Src/stm32f7xx_hal_pwr_ex.o
 .ARM.attributes
                0x00000000000005b7       0x32 ./Drivers/STM32F7xx_HAL_Driver/Src/stm32f7xx_hal_rcc.o
 .ARM.attributes
                0x00000000000005e9       0x32 ./Drivers/STM32F7xx_HAL_Driver/Src/stm32f7xx_hal_rcc_ex.o
 .ARM.attributes
                0x000000000000061b       0x32 ./Drivers/STM32F7xx_HAL_Driver/Src/stm32f7xx_hal_spi.o
 .ARM.attributes
                0x000000000000064d       0x32 ./Drivers/STM32F7xx_HAL_Driver/Src/stm32f7xx_hal_tim.o
 .ARM.attributes
                0x000000000000067f       0x32 ./Drivers/STM32F7xx_HAL_Driver/Src/stm32f7xx_hal_tim_ex.o
 .ARM.attributes
                0x00000000000006b1       0x32 ./Drivers/STM32F7xx_HAL_Driver/Src/stm32f7xx_hal_uart.o
 .ARM.attributes
                0x00000000000006e3       0x32 ./nrf24l01p/nrf24l01p_driver.o
 .ARM.attributes
                0x0000000000000715       0x32 ./nrf24l01p/nrf24l01p_driver_B.o
 .ARM.attributes
                0x0000000000000747       0x32 ./nrf24l01p/nrf24l01p_port.o
 .ARM.attributes
                0x0000000000000779       0x32 ./nrf24l01p/nrf24l01p_port_B.o
 .ARM.attributes
                0x00000000000007ab       0x32 c:/st/stm32cubeide_1.8.0/stm32cubeide/plugins/com.st.stm32cube.ide.mcu.externaltools.gnu-tools-for-stm32.9-2020-q2-update.win32_2.0.0.202105311346/tools/bin/../lib/gcc/arm-none-eabi/9.3.1/../../../../arm-none-eabi/lib/thumb/v7e-m+dp/hard\libc_nano.a(lib_a-errno.o)
 .ARM.attributes
                0x00000000000007dd       0x30 c:/st/stm32cubeide_1.8.0/stm32cubeide/plugins/com.st.stm32cube.ide.mcu.externaltools.gnu-tools-for-stm32.9-2020-q2-update.win32_2.0.0.202105311346/tools/bin/../lib/gcc/arm-none-eabi/9.3.1/../../../../arm-none-eabi/lib/thumb/v7e-m+dp/hard\libc_nano.a(lib_a-impure.o)
 .ARM.attributes
                0x000000000000080d       0x32 c:/st/stm32cubeide_1.8.0/stm32cubeide/plugins/com.st.stm32cube.ide.mcu.externaltools.gnu-tools-for-stm32.9-2020-q2-update.win32_2.0.0.202105311346/tools/bin/../lib/gcc/arm-none-eabi/9.3.1/../../../../arm-none-eabi/lib/thumb/v7e-m+dp/hard\libc_nano.a(lib_a-init.o)
 .ARM.attributes
                0x000000000000083f       0x32 c:/st/stm32cubeide_1.8.0/stm32cubeide/plugins/com.st.stm32cube.ide.mcu.externaltools.gnu-tools-for-stm32.9-2020-q2-update.win32_2.0.0.202105311346/tools/bin/../lib/gcc/arm-none-eabi/9.3.1/../../../../arm-none-eabi/lib/thumb/v7e-m+dp/hard\libc_nano.a(lib_a-memcpy-stub.o)
 .ARM.attributes
                0x0000000000000871       0x32 c:/st/stm32cubeide_1.8.0/stm32cubeide/plugins/com.st.stm32cube.ide.mcu.externaltools.gnu-tools-for-stm32.9-2020-q2-update.win32_2.0.0.202105311346/tools/bin/../lib/gcc/arm-none-eabi/9.3.1/../../../../arm-none-eabi/lib/thumb/v7e-m+dp/hard\libc_nano.a(lib_a-memset.o)
 .ARM.attributes
                0x00000000000008a3       0x32 c:/st/stm32cubeide_1.8.0/stm32cubeide/plugins/com.st.stm32cube.ide.mcu.externaltools.gnu-tools-for-stm32.9-2020-q2-update.win32_2.0.0.202105311346/tools/bin/../lib/gcc/arm-none-eabi/9.3.1/../../../../arm-none-eabi/lib/thumb/v7e-m+dp/hard\libc_nano.a(lib_a-printf.o)
 .ARM.attributes
                0x00000000000008d5       0x32 c:/st/stm32cubeide_1.8.0/stm32cubeide/plugins/com.st.stm32cube.ide.mcu.externaltools.gnu-tools-for-stm32.9-2020-q2-update.win32_2.0.0.202105311346/tools/bin/../lib/gcc/arm-none-eabi/9.3.1/../../../../arm-none-eabi/lib/thumb/v7e-m+dp/hard\libc_nano.a(lib_a-puts.o)
 .ARM.attributes
                0x0000000000000907       0x32 c:/st/stm32cubeide_1.8.0/stm32cubeide/plugins/com.st.stm32cube.ide.mcu.externaltools.gnu-tools-for-stm32.9-2020-q2-update.win32_2.0.0.202105311346/tools/bin/../lib/gcc/arm-none-eabi/9.3.1/../../../../arm-none-eabi/lib/thumb/v7e-m+dp/hard\libc_nano.a(lib_a-sprintf.o)
 .ARM.attributes
                0x0000000000000939       0x32 c:/st/stm32cubeide_1.8.0/stm32cubeide/plugins/com.st.stm32cube.ide.mcu.externaltools.gnu-tools-for-stm32.9-2020-q2-update.win32_2.0.0.202105311346/tools/bin/../lib/gcc/arm-none-eabi/9.3.1/../../../../arm-none-eabi/lib/thumb/v7e-m+dp/hard\libc_nano.a(lib_a-wbuf.o)
 .ARM.attributes
                0x000000000000096b       0x32 c:/st/stm32cubeide_1.8.0/stm32cubeide/plugins/com.st.stm32cube.ide.mcu.externaltools.gnu-tools-for-stm32.9-2020-q2-update.win32_2.0.0.202105311346/tools/bin/../lib/gcc/arm-none-eabi/9.3.1/../../../../arm-none-eabi/lib/thumb/v7e-m+dp/hard\libc_nano.a(lib_a-wsetup.o)
 .ARM.attributes
                0x000000000000099d       0x32 c:/st/stm32cubeide_1.8.0/stm32cubeide/plugins/com.st.stm32cube.ide.mcu.externaltools.gnu-tools-for-stm32.9-2020-q2-update.win32_2.0.0.202105311346/tools/bin/../lib/gcc/arm-none-eabi/9.3.1/../../../../arm-none-eabi/lib/thumb/v7e-m+dp/hard\libc_nano.a(lib_a-fflush.o)
 .ARM.attributes
                0x00000000000009cf       0x32 c:/st/stm32cubeide_1.8.0/stm32cubeide/plugins/com.st.stm32cube.ide.mcu.externaltools.gnu-tools-for-stm32.9-2020-q2-update.win32_2.0.0.202105311346/tools/bin/../lib/gcc/arm-none-eabi/9.3.1/../../../../arm-none-eabi/lib/thumb/v7e-m+dp/hard\libc_nano.a(lib_a-findfp.o)
 .ARM.attributes