eeprom_25aa1024.c:40:10:SPI1_NCSactivate	8	static
eeprom_25aa1024.c:46:10:SPI1_NCSdeactivate	8	static
eeprom_25aa1024.c:52:10:EEPROM_WriteOperation	16	static
eeprom_25aa1024.c:62:10:EEPROM_ReadOperation	16	static
eeprom_25aa1024.c:72:10:EEPROM_WriteEnable	24	static
eeprom_25aa1024.c:87:10:EEPROM_WriteDisaable	24	static
eeprom_25aa1024.c:102:10:EEPROM_ReadStatusRegister	48	static
eeprom_25aa1024.c:129:10:EEPROM_WriteStatusRegister	32	static
eeprom_25aa1024.c:145:10:EEPROM_Init	4	static
eeprom_25aa1024.c:152:17:EEPROM_WriteDataNoLogic	48	static
eeprom_25aa1024.c:182:10:EEPROM_WriteData	48	static
eeprom_25aa1024.c:225:10:EEPROM_ReadData	48	static
eeprom_25aa1024.c:255:10:Cmd25AA1024WrBytes	32	static
eeprom_25aa1024.c:290:10:Cmd25AA1024RdBytes	288	static
eeprom_25aa1024.c:325:10:EEPROM_GetWIfi	40	static
eeprom_25aa1024.c:365:10:EEPROM_GetSystemState	16	static
eeprom_25aa1024.c:376:10:EEPROM_SetSystemState	16	static
eeprom_25aa1024.c:387:10:ExtractValue	64	static
