nrf24l01p_driver_B.c:103:9:NRF_initHostHW_B	8	static
nrf24l01p_driver_B.c:122:6:NRF_configure_B	40	static
nrf24l01p_driver_B.c:179:9:NRF_getCONFIG_B	8	static
nrf24l01p_driver_B.c:190:9:NRF_getEN_AA_B	8	static
nrf24l01p_driver_B.c:201:9:NRF_getEN_RXADDR_B	8	static
nrf24l01p_driver_B.c:212:9:NRF_getSETUP_AW_B	8	static
nrf24l01p_driver_B.c:223:9:NRF_getSETUP_RETR_B	8	static
nrf24l01p_driver_B.c:234:9:NRF_getRF_CH_B	8	static
nrf24l01p_driver_B.c:245:9:NRF_getRF_SETUP_B	8	static
nrf24l01p_driver_B.c:256:9:NRF_getSTATUS_B	8	static
nrf24l01p_driver_B.c:267:9:NRF_getOBSERVE_TX_B	8	static
nrf24l01p_driver_B.c:278:9:NRF_getRPD_B	8	static
nrf24l01p_driver_B.c:290:6:NRF_getRX_ADDR_P0_B	32	static
nrf24l01p_driver_B.c:312:6:NRF_getRX_ADDR_P1_B	32	static
nrf24l01p_driver_B.c:334:9:NRF_getRX_ADDR_P2_B	8	static
nrf24l01p_driver_B.c:347:9:NRF_getRX_ADDR_P3_B	8	static
nrf24l01p_driver_B.c:360:9:NRF_getRX_ADDR_P4_B	8	static
nrf24l01p_driver_B.c:373:9:NRF_getRX_ADDR_P5_B	8	static
nrf24l01p_driver_B.c:385:6:NRF_getTX_ADDR_B	32	static
nrf24l01p_driver_B.c:405:9:NRF_getRX_PW_P0_B	8	static
nrf24l01p_driver_B.c:416:9:NRF_getRX_PW_P1_B	8	static
nrf24l01p_driver_B.c:427:9:NRF_getRX_PW_P2_B	8	static
nrf24l01p_driver_B.c:438:9:NRF_getRX_PW_P3_B	8	static
nrf24l01p_driver_B.c:449:9:NRF_getRX_PW_P4_B	8	static
nrf24l01p_driver_B.c:460:9:NRF_getRX_PW_P5_B	8	static
nrf24l01p_driver_B.c:471:9:NRF_getFIFO_STATUS_B	8	static
nrf24l01p_driver_B.c:482:9:NRF_getDYNPD_B	8	static
nrf24l01p_driver_B.c:493:9:NRF_getFEATURE_B	8	static
nrf24l01p_driver_B.c:504:6:NRF_setCONFIG_B	16	static
nrf24l01p_driver_B.c:515:6:NRF_setEN_AA_B	16	static
nrf24l01p_driver_B.c:526:6:NRF_setEN_RXADDR_B	16	static
nrf24l01p_driver_B.c:537:6:NRF_setSETUP_AW_B	16	static
nrf24l01p_driver_B.c:548:6:NRF_setSETUP_RETR_B	16	static
nrf24l01p_driver_B.c:559:6:NRF_setRF_CH_B	16	static
nrf24l01p_driver_B.c:570:6:NRF_setRF_SETUP_B	16	static
nrf24l01p_driver_B.c:581:6:NRF_setSTATUS_B	16	static
nrf24l01p_driver_B.c:592:6:NRF_setOBSERVE_TX_B	16	static
nrf24l01p_driver_B.c:603:6:NRF_setRPD_B	16	static
nrf24l01p_driver_B.c:616:6:NRF_setRX_ADDR_P0_B	32	static
nrf24l01p_driver_B.c:639:6:NRF_setRX_ADDR_P1_B	32	static
nrf24l01p_driver_B.c:664:6:NRF_setRX_ADDR_P2_B	16	static
nrf24l01p_driver_B.c:679:6:NRF_setRX_ADDR_P3_B	16	static
nrf24l01p_driver_B.c:694:6:NRF_setRX_ADDR_P4_B	16	static
nrf24l01p_driver_B.c:709:6:NRF_setRX_ADDR_P5_B	16	static
nrf24l01p_driver_B.c:722:6:NRF_setTX_ADDR_B	32	static
nrf24l01p_driver_B.c:742:6:NRF_setFIFO_STATUS_B	16	static
nrf24l01p_driver_B.c:753:6:NRF_setDYNPD_B	16	static
nrf24l01p_driver_B.c:764:6:NRF_setFEATURE_B	16	static
nrf24l01p_driver_B.c:779:6:NRF_getR_RX_PAYLOAD_B	88	static
nrf24l01p_driver_B.c:801:6:NRF_setW_TX_PAYLOAD_B	88	static
nrf24l01p_driver_B.c:817:6:NRF_setFLUSH_TX_B	16	static
nrf24l01p_driver_B.c:827:6:NRF_setFLUSH_RX_B	16	static
nrf24l01p_driver_B.c:837:6:NRF_setREUSE_TX_PL_B	16	static
nrf24l01p_driver_B.c:849:9:NRF_getR_RX_PL_WID_B	8	static
nrf24l01p_driver_B.c:865:6:NRF_set_W_ACK_PAYLOAD_B	96	static
nrf24l01p_driver_B.c:887:6:NRF_setW_TX_PAYLOAD_NO_ACK_B	88	static
nrf24l01p_driver_B.c:905:9:NRF_getNOP_B	16	static
nrf24l01p_driver_B.c:917:9:NRF_getIRQ_B	8	static
nrf24l01p_driver_B.c:930:6:NRF_CEactivate_B	8	static
nrf24l01p_driver_B.c:943:6:NRF_CEdeactivate_B	8	static
nrf24l01p_driver_B.c:952:6:NRF_powerUp_B	8	static
nrf24l01p_driver_B.c:961:6:NRF_powerDown_B	8	static
nrf24l01p_driver_B.c:981:10:NRF_activeRF_B	40	static
nrf24l01p_driver_B.c:1022:9:NRF_postProcess_B	24	static
nrf24l01p_driver_B.c:1073:10:NRF_powerCycle_B	24	static
