nrf24l01p_driver.c:102:9:NRF_initHostHW	8	static
nrf24l01p_driver.c:120:6:NRF_configure	40	static
nrf24l01p_driver.c:178:9:NRF_getCONFIG	8	static
nrf24l01p_driver.c:189:9:NRF_getEN_AA	8	static
nrf24l01p_driver.c:200:9:NRF_getEN_RXADDR	8	static
nrf24l01p_driver.c:211:9:NRF_getSETUP_AW	8	static
nrf24l01p_driver.c:222:9:NRF_getSETUP_RETR	8	static
nrf24l01p_driver.c:233:9:NRF_getRF_CH	8	static
nrf24l01p_driver.c:244:9:NRF_getRF_SETUP	8	static
nrf24l01p_driver.c:255:9:NRF_getSTATUS	8	static
nrf24l01p_driver.c:266:9:NRF_getOBSERVE_TX	8	static
nrf24l01p_driver.c:277:9:NRF_getRPD	8	static
nrf24l01p_driver.c:289:6:NRF_getRX_ADDR_P0	32	static
nrf24l01p_driver.c:311:6:NRF_getRX_ADDR_P1	32	static
nrf24l01p_driver.c:333:9:NRF_getRX_ADDR_P2	8	static
nrf24l01p_driver.c:346:9:NRF_getRX_ADDR_P3	8	static
nrf24l01p_driver.c:359:9:NRF_getRX_ADDR_P4	8	static
nrf24l01p_driver.c:372:9:NRF_getRX_ADDR_P5	8	static
nrf24l01p_driver.c:384:6:NRF_getTX_ADDR	32	static
nrf24l01p_driver.c:404:9:NRF_getRX_PW_P0	8	static
nrf24l01p_driver.c:415:9:NRF_getRX_PW_P1	8	static
nrf24l01p_driver.c:426:9:NRF_getRX_PW_P2	8	static
nrf24l01p_driver.c:437:9:NRF_getRX_PW_P3	8	static
nrf24l01p_driver.c:448:9:NRF_getRX_PW_P4	8	static
nrf24l01p_driver.c:459:9:NRF_getRX_PW_P5	8	static
nrf24l01p_driver.c:470:9:NRF_getFIFO_STATUS	8	static
nrf24l01p_driver.c:481:9:NRF_getDYNPD	8	static
nrf24l01p_driver.c:492:9:NRF_getFEATURE	8	static
nrf24l01p_driver.c:503:6:NRF_setCONFIG	16	static
nrf24l01p_driver.c:514:6:NRF_setEN_AA	16	static
nrf24l01p_driver.c:525:6:NRF_setEN_RXADDR	16	static
nrf24l01p_driver.c:536:6:NRF_setSETUP_AW	16	static
nrf24l01p_driver.c:547:6:NRF_setSETUP_RETR	16	static
nrf24l01p_driver.c:558:6:NRF_setRF_CH	16	static
nrf24l01p_driver.c:569:6:NRF_setRF_SETUP	16	static
nrf24l01p_driver.c:580:6:NRF_setSTATUS	16	static
nrf24l01p_driver.c:591:6:NRF_setOBSERVE_TX	16	static
nrf24l01p_driver.c:602:6:NRF_setRPD	16	static
nrf24l01p_driver.c:615:6:NRF_setRX_ADDR_P0	32	static
nrf24l01p_driver.c:638:6:NRF_setRX_ADDR_P1	32	static
nrf24l01p_driver.c:663:6:NRF_setRX_ADDR_P2	16	static
nrf24l01p_driver.c:678:6:NRF_setRX_ADDR_P3	16	static
nrf24l01p_driver.c:693:6:NRF_setRX_ADDR_P4	16	static
nrf24l01p_driver.c:708:6:NRF_setRX_ADDR_P5	16	static
nrf24l01p_driver.c:721:6:NRF_setTX_ADDR	32	static
nrf24l01p_driver.c:741:6:NRF_setFIFO_STATUS	16	static
nrf24l01p_driver.c:752:6:NRF_setDYNPD	16	static
nrf24l01p_driver.c:763:6:NRF_setFEATURE	16	static
nrf24l01p_driver.c:778:6:NRF_getR_RX_PAYLOAD	88	static
nrf24l01p_driver.c:800:6:NRF_setW_TX_PAYLOAD	88	static
nrf24l01p_driver.c:816:6:NRF_setFLUSH_TX	16	static
nrf24l01p_driver.c:826:6:NRF_setFLUSH_RX	16	static
nrf24l01p_driver.c:836:6:NRF_setREUSE_TX_PL	16	static
nrf24l01p_driver.c:848:9:NRF_getR_RX_PL_WID	8	static
nrf24l01p_driver.c:864:6:NRF_set_W_ACK_PAYLOAD	96	static
nrf24l01p_driver.c:886:6:NRF_setW_TX_PAYLOAD_NO_ACK	88	static
nrf24l01p_driver.c:904:9:NRF_getNOP	16	static
nrf24l01p_driver.c:916:9:NRF_getIRQ	8	static
nrf24l01p_driver.c:929:6:NRF_CEactivate	8	static
nrf24l01p_driver.c:942:6:NRF_CEdeactivate	8	static
nrf24l01p_driver.c:951:6:NRF_powerUp	8	static
nrf24l01p_driver.c:961:6:NRF_powerDown	8	static
nrf24l01p_driver.c:983:10:NRF_activeRF	40	static
nrf24l01p_driver.c:1025:9:NRF_postProcess	24	static
nrf24l01p_driver.c:1075:10:NRF_powerCycle	24	static
