rda5807m.c:14:13:twi_readFromSlave	24	static
rda5807m.c:19:13:twi_writeToSlave	24	static
rda5807m.c:24:17:RDA5807mGetReg0x0A	16	static
rda5807m.c:34:17:RDA5807mGetReg0x0B	16	static
rda5807m.c:57:6:RDA5807mReset	8	static
rda5807m.c:62:6:RDA5807mInit	32	static
rda5807m.c:105:10:RDA5807mSetFreq	24	static
rda5807m.c:142:10:RDA5807mSetVolm	32	static
rda5807m.c:176:10:RDA5807mMute	24	static
rda5807m.c:200:10:RDA5807mGetRSSI	16	static
rda5807m.c:216:10:RDA5807mGetRDSR	16	static
rda5807m.c:223:10:RDA5807mGetRDSS	16	static
rda5807m.c:231:10:RDA5807mIsChannelStereo	16	static
rda5807m.c:238:10:RDA5807mIsChannelStation	16	static
rda5807m.c:245:10:RDA5807mGetRDSBlockA	16	static
rda5807m.c:256:10:RDA5807mGetRDSBlockB	24	static
rda5807m.c:267:10:RDA5807mGetRDSBlockC	24	static
rda5807m.c:278:10:RDA5807mGetRDSBlockD	24	static
rda5807m.c:289:10:RDA5807mGetErrBlockA	16	static
rda5807m.c:301:10:RDA5807mGetErrBlockB	16	static
rda5807m.c:314:6:RDA5807mClearRDSFIFO	16	static
rda5807m.c:335:6:RDA5807mPowerCycle	8	static
rda5807m.c:343:6:RDA5807mPowerOn	8	static
rda5807m.c:349:6:RDA5807mPowerOff	8	static
